Archive member included to satisfy reference by file (symbol)

d:/program/stm32cubeide_1.4.0/stm32cubeide/plugins/com.st.stm32cube.ide.mcu.externaltools.gnu-tools-for-stm32.7-2018-q2-update.win32_1.4.0.202007081208/tools/bin/../lib/gcc/arm-none-eabi/7.3.1/../../../../arm-none-eabi/lib/thumb/v7-m\libc_nano.a(lib_a-errno.o)
                              Core/Src/syscalls.o (__errno)
d:/program/stm32cubeide_1.4.0/stm32cubeide/plugins/com.st.stm32cube.ide.mcu.externaltools.gnu-tools-for-stm32.7-2018-q2-update.win32_1.4.0.202007081208/tools/bin/../lib/gcc/arm-none-eabi/7.3.1/../../../../arm-none-eabi/lib/thumb/v7-m\libc_nano.a(lib_a-exit.o)
                              d:/program/stm32cubeide_1.4.0/stm32cubeide/plugins/com.st.stm32cube.ide.mcu.externaltools.gnu-tools-for-stm32.7-2018-q2-update.win32_1.4.0.202007081208/tools/bin/../lib/gcc/arm-none-eabi/7.3.1/../../../../arm-none-eabi/lib/thumb/v7-m/crt0.o (exit)
d:/program/stm32cubeide_1.4.0/stm32cubeide/plugins/com.st.stm32cube.ide.mcu.externaltools.gnu-tools-for-stm32.7-2018-q2-update.win32_1.4.0.202007081208/tools/bin/../lib/gcc/arm-none-eabi/7.3.1/../../../../arm-none-eabi/lib/thumb/v7-m\libc_nano.a(lib_a-impure.o)
                              d:/program/stm32cubeide_1.4.0/stm32cubeide/plugins/com.st.stm32cube.ide.mcu.externaltools.gnu-tools-for-stm32.7-2018-q2-update.win32_1.4.0.202007081208/tools/bin/../lib/gcc/arm-none-eabi/7.3.1/../../../../arm-none-eabi/lib/thumb/v7-m\libc_nano.a(lib_a-exit.o) (_global_impure_ptr)
d:/program/stm32cubeide_1.4.0/stm32cubeide/plugins/com.st.stm32cube.ide.mcu.externaltools.gnu-tools-for-stm32.7-2018-q2-update.win32_1.4.0.202007081208/tools/bin/../lib/gcc/arm-none-eabi/7.3.1/../../../../arm-none-eabi/lib/thumb/v7-m\libc_nano.a(lib_a-init.o)
                              d:/program/stm32cubeide_1.4.0/stm32cubeide/plugins/com.st.stm32cube.ide.mcu.externaltools.gnu-tools-for-stm32.7-2018-q2-update.win32_1.4.0.202007081208/tools/bin/../lib/gcc/arm-none-eabi/7.3.1/../../../../arm-none-eabi/lib/thumb/v7-m/crt0.o (__libc_init_array)
d:/program/stm32cubeide_1.4.0/stm32cubeide/plugins/com.st.stm32cube.ide.mcu.externaltools.gnu-tools-for-stm32.7-2018-q2-update.win32_1.4.0.202007081208/tools/bin/../lib/gcc/arm-none-eabi/7.3.1/../../../../arm-none-eabi/lib/thumb/v7-m\libc_nano.a(lib_a-memcpy-stub.o)
                              Core/Src/SX1278.o (memcpy)
d:/program/stm32cubeide_1.4.0/stm32cubeide/plugins/com.st.stm32cube.ide.mcu.externaltools.gnu-tools-for-stm32.7-2018-q2-update.win32_1.4.0.202007081208/tools/bin/../lib/gcc/arm-none-eabi/7.3.1/../../../../arm-none-eabi/lib/thumb/v7-m\libc_nano.a(lib_a-memset.o)
                              d:/program/stm32cubeide_1.4.0/stm32cubeide/plugins/com.st.stm32cube.ide.mcu.externaltools.gnu-tools-for-stm32.7-2018-q2-update.win32_1.4.0.202007081208/tools/bin/../lib/gcc/arm-none-eabi/7.3.1/../../../../arm-none-eabi/lib/thumb/v7-m/crt0.o (memset)
d:/program/stm32cubeide_1.4.0/stm32cubeide/plugins/com.st.stm32cube.ide.mcu.externaltools.gnu-tools-for-stm32.7-2018-q2-update.win32_1.4.0.202007081208/tools/bin/../lib/gcc/arm-none-eabi/7.3.1/../../../../arm-none-eabi/lib/thumb/v7-m\libc_nano.a(lib_a-sprintf.o)
                              Core/Src/lcd.o (sprintf)
d:/program/stm32cubeide_1.4.0/stm32cubeide/plugins/com.st.stm32cube.ide.mcu.externaltools.gnu-tools-for-stm32.7-2018-q2-update.win32_1.4.0.202007081208/tools/bin/../lib/gcc/arm-none-eabi/7.3.1/../../../../arm-none-eabi/lib/thumb/v7-m\libc_nano.a(lib_a-strlen.o)
                              Core/Src/lcd.o (strlen)
d:/program/stm32cubeide_1.4.0/stm32cubeide/plugins/com.st.stm32cube.ide.mcu.externaltools.gnu-tools-for-stm32.7-2018-q2-update.win32_1.4.0.202007081208/tools/bin/../lib/gcc/arm-none-eabi/7.3.1/../../../../arm-none-eabi/lib/thumb/v7-m\libc_nano.a(lib_a-vsnprintf.o)
                              Core/Src/lcd.o (vsnprintf)
d:/program/stm32cubeide_1.4.0/stm32cubeide/plugins/com.st.stm32cube.ide.mcu.externaltools.gnu-tools-for-stm32.7-2018-q2-update.win32_1.4.0.202007081208/tools/bin/../lib/gcc/arm-none-eabi/7.3.1/../../../../arm-none-eabi/lib/thumb/v7-m\libc_nano.a(lib_a-nano-svfprintf.o)
                              d:/program/stm32cubeide_1.4.0/stm32cubeide/plugins/com.st.stm32cube.ide.mcu.externaltools.gnu-tools-for-stm32.7-2018-q2-update.win32_1.4.0.202007081208/tools/bin/../lib/gcc/arm-none-eabi/7.3.1/../../../../arm-none-eabi/lib/thumb/v7-m\libc_nano.a(lib_a-sprintf.o) (_svfprintf_r)
d:/program/stm32cubeide_1.4.0/stm32cubeide/plugins/com.st.stm32cube.ide.mcu.externaltools.gnu-tools-for-stm32.7-2018-q2-update.win32_1.4.0.202007081208/tools/bin/../lib/gcc/arm-none-eabi/7.3.1/../../../../arm-none-eabi/lib/thumb/v7-m\libc_nano.a(lib_a-nano-vfprintf_i.o)
[...]
Memory Configuration

Name             Origin             Length             Attributes
RAM              0x0000000020000000 0x0000000000002000 xrw
FLASH            0x0000000008000000 0x0000000000010000 xr
*default*        0x0000000000000000 0xffffffffffffffff

Linker script and memory map

LOAD d:/program/stm32cubeide_1.4.0/stm32cubeide/plugins/com.st.stm32cube.ide.mcu.externaltools.gnu-tools-for-stm32.7-2018-q2-update.win32_1.4.0.202007081208/tools/bin/../lib/gcc/arm-none-eabi/7.3.1/thumb/v7-m/crti.o
LOAD d:/program/stm32cubeide_1.4.0/stm32cubeide/plugins/com.st.stm32cube.ide.mcu.externaltools.gnu-tools-for-stm32.7-2018-q2-update.win32_1.4.0.202007081208/tools/bin/../lib/gcc/arm-none-eabi/7.3.1/thumb/v7-m/crtbegin.o
LOAD d:/program/stm32cubeide_1.4.0/stm32cubeide/plugins/com.st.stm32cube.ide.mcu.externaltools.gnu-tools-for-stm32.7-2018-q2-update.win32_1.4.0.202007081208/tools/bin/../lib/gcc/arm-none-eabi/7.3.1/../../../../arm-none-eabi/lib/thumb/v7-m/crt0.o
LOAD Core/Src/Button.o
LOAD Core/Src/Buzzer.o
LOAD Core/Src/Callbacks.o
LOAD Core/Src/SX1278.o
LOAD Core/Src/lcd.o
LOAD Core/Src/main.o
LOAD Core/Src/stm32f1xx_hal_msp.o
LOAD Core/Src/stm32f1xx_it.o
LOAD Core/Src/syscalls.o
LOAD Core/Src/sysmem.o
LOAD Core/Src/system_stm32f1xx.o
LOAD Core/Startup/startup_stm32f100c8tx.o
LOAD Drivers/STM32F1xx_HAL_Driver/Src/stm32f1xx_hal.o
LOAD Drivers/STM32F1xx_HAL_Driver/Src/stm32f1xx_hal_adc.o
LOAD Drivers/STM32F1xx_HAL_Driver/Src/stm32f1xx_hal_adc_ex.o
LOAD Drivers/STM32F1xx_HAL_Driver/Src/stm32f1xx_hal_cortex.o
LOAD Drivers/STM32F1xx_HAL_Driver/Src/stm32f1xx_hal_dma.o
LOAD Drivers/STM32F1xx_HAL_Driver/Src/stm32f1xx_hal_exti.o
LOAD Drivers/STM32F1xx_HAL_Driver/Src/stm32f1xx_hal_flash.o
LOAD Drivers/STM32F1xx_HAL_Driver/Src/stm32f1xx_hal_flash_ex.o
LOAD Drivers/STM32F1xx_HAL_Driver/Src/stm32f1xx_hal_gpio.o
LOAD Drivers/STM32F1xx_HAL_Driver/Src/stm32f1xx_hal_gpio_ex.o
LOAD Drivers/STM32F1xx_HAL_Driver/Src/stm32f1xx_hal_pwr.o
LOAD Drivers/STM32F1xx_HAL_Driver/Src/stm32f1xx_hal_rcc.o
LOAD Drivers/STM32F1xx_HAL_Driver/Src/stm32f1xx_hal_rcc_ex.o
LOAD Drivers/STM32F1xx_HAL_Driver/Src/stm32f1xx_hal_spi.o
LOAD Drivers/STM32F1xx_HAL_Driver/Src/stm32f1xx_hal_tim.o
LOAD Drivers/STM32F1xx_HAL_Driver/Src/stm32f1xx_hal_tim_ex.o
LOAD Drivers/STM32F1xx_HAL_Driver/Src/stm32f1xx_hal_uart.o
START GROUP
LOAD d:/program/stm32cubeide_1.4.0/stm32cubeide/plugins/com.st.stm32cube.ide.mcu.externaltools.gnu-tools-for-stm32.7-2018-q2-update.win32_1.4.0.202007081208/tools/bin/../lib/gcc/arm-none-eabi/7.3.1/../../../../arm-none-eabi/lib/thumb/v7-m\libc_nano.a
LOAD d:/program/stm32cubeide_1.4.0/stm32cubeide/plugins/com.st.stm32cube.ide.mcu.externaltools.gnu-tools-for-stm32.7-2018-q2-update.win32_1.4.0.202007081208/tools/bin/../lib/gcc/arm-none-eabi/7.3.1/../../../../arm-none-eabi/lib/thumb/v7-m\libm.a
END GROUP
START GROUP
LOAD d:/program/stm32cubeide_1.4.0/stm32cubeide/plugins/com.st.stm32cube.ide.mcu.externaltools.gnu-tools-for-stm32.7-2018-q2-update.win32_1.4.0.202007081208/tools/bin/../lib/gcc/arm-none-eabi/7.3.1/thumb/v7-m\libgcc.a
LOAD d:/program/stm32cubeide_1.4.0/stm32cubeide/plugins/com.st.stm32cube.ide.mcu.externaltools.gnu-tools-for-stm32.7-2018-q2-update.win32_1.4.0.202007081208/tools/bin/../lib/gcc/arm-none-eabi/7.3.1/../../../../arm-none-eabi/lib/thumb/v7-m\libc_nano.a
END GROUP
START GROUP
LOAD d:/program/stm32cubeide_1.4.0/stm32cubeide/plugins/com.st.stm32cube.ide.mcu.externaltools.gnu-tools-for-stm32.7-2018-q2-update.win32_1.4.0.202007081208/tools/bin/../lib/gcc/arm-none-eabi/7.3.1/thumb/v7-m\libgcc.a
LOAD d:/program/stm32cubeide_1.4.0/stm32cubeide/plugins/com.st.stm32cube.ide.mcu.externaltools.gnu-tools-for-stm32.7-2018-q2-update.win32_1.4.0.202007081208/tools/bin/../lib/gcc/arm-none-eabi/7.3.1/../../../../arm-none-eabi/lib/thumb/v7-m\libc_nano.a
LOAD d:/program/stm32cubeide_1.4.0/stm32cubeide/plugins/com.st.stm32cube.ide.mcu.externaltools.gnu-tools-for-stm32.7-2018-q2-update.win32_1.4.0.202007081208/tools/bin/../lib/gcc/arm-none-eabi/7.3.1/../../../../arm-none-eabi/lib/thumb/v7-m\libnosys.a
END GROUP
START GROUP
LOAD d:/program/stm32cubeide_1.4.0/stm32cubeide/plugins/com.st.stm32cube.ide.mcu.externaltools.gnu-tools-for-stm32.7-2018-q2-update.win32_1.4.0.202007081208/tools/bin/../lib/gcc/arm-none-eabi/7.3.1/thumb/v7-m\libgcc.a
LOAD d:/program/stm32cubeide_1.4.0/stm32cubeide/plugins/com.st.stm32cube.ide.mcu.externaltools.gnu-tools-for-stm32.7-2018-q2-update.win32_1.4.0.202007081208/tools/bin/../lib/gcc/arm-none-eabi/7.3.1/../../../../arm-none-eabi/lib/thumb/v7-m\libc_nano.a
LOAD d:/program/stm32cubeide_1.4.0/stm32cubeide/plugins/com.st.stm32cube.ide.mcu.externaltools.gnu-tools-for-stm32.7-2018-q2-update.win32_1.4.0.202007081208/tools/bin/../lib/gcc/arm-none-eabi/7.3.1/../../../../arm-none-eabi/lib/thumb/v7-m\libnosys.a
END GROUP
LOAD d:/program/stm32cubeide_1.4.0/stm32cubeide/plugins/com.st.stm32cube.ide.mcu.externaltools.gnu-tools-for-stm32.7-2018-q2-update.win32_1.4.0.202007081208/tools/bin/../lib/gcc/arm-none-eabi/7.3.1/thumb/v7-m/crtend.o
LOAD d:/program/stm32cubeide_1.4.0/stm32cubeide/plugins/com.st.stm32cube.ide.mcu.externaltools.gnu-tools-for-stm32.7-2018-q2-update.win32_1.4.0.202007081208/tools/bin/../lib/gcc/arm-none-eabi/7.3.1/thumb/v7-m/crtn.o
                0x0000000020002000                _estack = (ORIGIN (RAM) + LENGTH (RAM))
                0x0000000000000200                _Min_Heap_Size = 0x200
                0x0000000000000400                _Min_Stack_Size = 0x400

.isr_vector     0x0000000008000000      0x1d0
                0x0000000008000000                . = ALIGN (0x4)
 *(.isr_vector)
 .isr_vector    0x0000000008000000      0x1d0 Core/Startup/startup_stm32f100c8tx.o
                0x0000000008000000                g_pfnVectors
                0x00000000080001d0                . = ALIGN (0x4)

.text           0x00000000080001d0     0x4fe4
                0x00000000080001d0                . = ALIGN (0x4)
 *(.text)
 .text          0x00000000080001d0       0x40 d:/program/stm32cubeide_1.4.0/stm32cubeide/plugins/com.st.stm32cube.ide.mcu.externaltools.gnu-tools-for-stm32.7-2018-q2-update.win32_1.4.0.202007081208/tools/bin/../lib/gcc/arm-none-eabi/7.3.1/thumb/v7-m/crtbegin.o
 .text          0x0000000008000210       0x10 d:/program/stm32cubeide_1.4.0/stm32cubeide/plugins/com.st.stm32cube.ide.mcu.externaltools.gnu-tools-for-stm32.7-2018-q2-update.win32_1.4.0.202007081208/tools/bin/../lib/gcc/arm-none-eabi/7.3.1/../../../../arm-none-eabi/lib/thumb/v7-m\libc_nano.a(lib_a-strlen.o)
                0x0000000008000210                strlen
 *(.text*)
 .text.delay    0x0000000008000220       0x2a Core/Src/Button.o
                0x0000000008000220                delay
 *fill*         0x000000000800024a        0x2 
 .text.HAL_GPIO_EXTI_customIRQHandler
                0x000000000800024c       0x20 Core/Src/Button.o
                0x000000000800024c                HAL_GPIO_EXTI_customIRQHandler
 .text.ReadButtons
                0x000000000800026c       0x30 Core/Src/Button.o
                0x000000000800026c                ReadButtons
 .text.buzzer   0x000000000800029c       0x4c Core/Src/Buzzer.o
                0x000000000800029c                buzzer
 .text.__NVIC_ClearPendingIRQ
                0x00000000080002e8       0x3c Core/Src/Callbacks.o
 .text.HAL_TIM_PeriodElapsedCallback
                0x0000000008000324       0xc8 Core/Src/Callbacks.o
                0x0000000008000324                HAL_TIM_PeriodElapsedCallback
 .text.SX1278_hw_init
                0x00000000080003ec       0x2a Core/Src/SX1278.o
                0x00000000080003ec                SX1278_hw_init
 .text.SX1278_hw_SetNSS
                0x0000000008000416       0x2e Core/Src/SX1278.o
                0x0000000008000416                SX1278_hw_SetNSS
 .text.SX1278_hw_Reset
                0x0000000008000444       0x48 Core/Src/SX1278.o
                0x0000000008000444                SX1278_hw_Reset
 .text.SX1278_hw_SPICommand
                0x000000000800048c       0x3e Core/Src/SX1278.o
                0x000000000800048c                SX1278_hw_SPICommand
 .text.SX1278_hw_SPIReadByte
                0x00000000080004ca       0x4c Core/Src/SX1278.o
                0x00000000080004ca                SX1278_hw_SPIReadByte
 .text.SX1278_hw_DelayMs
                0x0000000008000516       0x16 Core/Src/SX1278.o
                0x0000000008000516                SX1278_hw_DelayMs
 .text.SX1278_hw_GetDIO0
                0x000000000800052c       0x2e Core/Src/SX1278.o
                0x000000000800052c                SX1278_hw_GetDIO0
 .text.SX1278_SPIRead
                0x000000000800055a       0x3e Core/Src/SX1278.o
                0x000000000800055a                SX1278_SPIRead
 .text.SX1278_SPIWrite
                0x0000000008000598       0x52 Core/Src/SX1278.o
                0x0000000008000598                SX1278_SPIWrite
 .text.SX1278_SPIBurstRead
                0x00000000080005ea       0x72 Core/Src/SX1278.o
                0x00000000080005ea                SX1278_SPIBurstRead
 .text.SX1278_SPIBurstWrite
                0x000000000800065c       0x76 Core/Src/SX1278.o
                0x000000000800065c                SX1278_SPIBurstWrite
 .text.SX1278_defaultConfig
                0x00000000080006d2       0x2a Core/Src/SX1278.o
                0x00000000080006d2                SX1278_defaultConfig
 .text.SX1278_config
                0x00000000080006fc      0x154 Core/Src/SX1278.o
                0x00000000080006fc                SX1278_config
 .text.SX1278_standby
                0x0000000008000850       0x20 Core/Src/SX1278.o
                0x0000000008000850                SX1278_standby
 .text.SX1278_sleep
                0x0000000008000870       0x20 Core/Src/SX1278.o
                0x0000000008000870                SX1278_sleep
 .text.SX1278_entryLoRa
                0x0000000008000890       0x1a Core/Src/SX1278.o
                0x0000000008000890                SX1278_entryLoRa
 .text.SX1278_clearLoRaIrq
                0x00000000080008aa       0x1a Core/Src/SX1278.o
                0x00000000080008aa                SX1278_clearLoRaIrq
 .text.SX1278_LoRaEntryRx
                0x00000000080008c4       0xca Core/Src/SX1278.o
                0x00000000080008c4                SX1278_LoRaEntryRx
 .text.SX1278_LoRaRxPacket
                0x000000000800098e       0x88 Core/Src/SX1278.o
                0x000000000800098e                SX1278_LoRaRxPacket
 .text.SX1278_begin
                0x0000000008000a16       0x50 Core/Src/SX1278.o
                0x0000000008000a16                SX1278_begin
 .text.SX1278_read
                0x0000000008000a66       0x4c Core/Src/SX1278.o
                0x0000000008000a66                SX1278_read
 .text.Lcd_create
                0x0000000008000ab2       0x46 Core/Src/lcd.o
                0x0000000008000ab2                Lcd_create
 .text.Lcd_init
                0x0000000008000af8       0x40 Core/Src/lcd.o
                0x0000000008000af8                Lcd_init
 .text.Lcd_cursor
                0x0000000008000b38       0x34 Core/Src/lcd.o
                0x0000000008000b38                Lcd_cursor
 .text.Lcd_blink
                0x0000000008000b6c       0x18 Core/Src/lcd.o
                0x0000000008000b6c                Lcd_blink
 .text.Lcd_disable_cursor
                0x0000000008000b84       0x18 Core/Src/lcd.o
                0x0000000008000b84                Lcd_disable_cursor
 .text.Lcd_printf
                0x0000000008000b9c       0x38 Core/Src/lcd.o
                0x0000000008000b9c                Lcd_printf
 .text.Lcd_string
                0x0000000008000bd4       0x3c Core/Src/lcd.o
                0x0000000008000bd4                Lcd_string
 .text.Lcd_clear
                0x0000000008000c10       0x18 Core/Src/lcd.o
                0x0000000008000c10                Lcd_clear
 .text.lcd_write_command
                0x0000000008000c28       0x46 Core/Src/lcd.o
 .text.lcd_write_data
                0x0000000008000c6e       0x46 Core/Src/lcd.o
 .text.lcd_write
                0x0000000008000cb4       0x80 Core/Src/lcd.o
 .text.main     0x0000000008000d34      0x338 Core/Src/main.o
                0x0000000008000d34                main
 .text.SystemClock_Config
                0x000000000800106c       0xaa Core/Src/main.o
                0x000000000800106c                SystemClock_Config
 *fill*         0x0000000008001116        0x2 
 .text.MX_ADC1_Init
                0x0000000008001118       0x7c Core/Src/main.o
 .text.MX_SPI1_Init
                0x0000000008001194       0x6c Core/Src/main.o
 .text.MX_TIM2_Init
                0x0000000008001200       0xec Core/Src/main.o
 .text.MX_TIM4_Init
                0x00000000080012ec       0x9c Core/Src/main.o
 .text.MX_TIM6_Init
                0x0000000008001388       0x68 Core/Src/main.o
 .text.MX_TIM16_Init
                0x00000000080013f0       0x4c Core/Src/main.o
 .text.MX_USART3_UART_Init
                0x000000000800143c       0x54 Core/Src/main.o
 .text.MX_GPIO_Init
                0x0000000008001490      0x128 Core/Src/main.o
 .text.Print_Menu
                0x00000000080015b8       0x80 Core/Src/main.o
                0x00000000080015b8                Print_Menu
 .text.Error_Handler
                0x0000000008001638        0xc Core/Src/main.o
                0x0000000008001638                Error_Handler
 .text.HAL_MspInit
                0x0000000008001644       0x64 Core/Src/stm32f1xx_hal_msp.o
                0x0000000008001644                HAL_MspInit
 .text.HAL_ADC_MspInit
                0x00000000080016a8       0x78 Core/Src/stm32f1xx_hal_msp.o
                0x00000000080016a8                HAL_ADC_MspInit
 .text.HAL_SPI_MspInit
                0x0000000008001720       0x94 Core/Src/stm32f1xx_hal_msp.o
                0x0000000008001720                HAL_SPI_MspInit
 .text.HAL_TIM_Base_MspInit
                0x00000000080017b4       0xe0 Core/Src/stm32f1xx_hal_msp.o
                0x00000000080017b4                HAL_TIM_Base_MspInit
 .text.HAL_TIM_MspPostInit
                0x0000000008001894       0x8c Core/Src/stm32f1xx_hal_msp.o
                0x0000000008001894                HAL_TIM_MspPostInit
 .text.HAL_UART_MspInit
                0x0000000008001920       0x98 Core/Src/stm32f1xx_hal_msp.o
                0x0000000008001920                HAL_UART_MspInit
 .text.NMI_Handler
                0x00000000080019b8        0xc Core/Src/stm32f1xx_it.o
                0x00000000080019b8                NMI_Handler
 .text.HardFault_Handler
                0x00000000080019c4        0x6 Core/Src/stm32f1xx_it.o
                0x00000000080019c4                HardFault_Handler
 .text.MemManage_Handler
                0x00000000080019ca        0x6 Core/Src/stm32f1xx_it.o
                0x00000000080019ca                MemManage_Handler
 .text.BusFault_Handler
                0x00000000080019d0        0x6 Core/Src/stm32f1xx_it.o
                0x00000000080019d0                BusFault_Handler
 .text.UsageFault_Handler
                0x00000000080019d6        0x6 Core/Src/stm32f1xx_it.o
                0x00000000080019d6                UsageFault_Handler
 .text.SVC_Handler
                0x00000000080019dc        0xc Core/Src/stm32f1xx_it.o
                0x00000000080019dc                SVC_Handler
 .text.DebugMon_Handler
                0x00000000080019e8        0xc Core/Src/stm32f1xx_it.o
                0x00000000080019e8                DebugMon_Handler
 .text.PendSV_Handler
                0x00000000080019f4        0xc Core/Src/stm32f1xx_it.o
                0x00000000080019f4                PendSV_Handler
 .text.SysTick_Handler
                0x0000000008001a00        0xc Core/Src/stm32f1xx_it.o
                0x0000000008001a00                SysTick_Handler
 .text.TIM1_UP_TIM16_IRQHandler
                0x0000000008001a0c       0x14 Core/Src/stm32f1xx_it.o
                0x0000000008001a0c                TIM1_UP_TIM16_IRQHandler
 .text.TIM2_IRQHandler
                0x0000000008001a20       0x14 Core/Src/stm32f1xx_it.o
                0x0000000008001a20                TIM2_IRQHandler
 .text.TIM4_IRQHandler
                0x0000000008001a34       0x14 Core/Src/stm32f1xx_it.o
                0x0000000008001a34                TIM4_IRQHandler
 .text.EXTI15_10_IRQHandler
                0x0000000008001a48       0x1c Core/Src/stm32f1xx_it.o
                0x0000000008001a48                EXTI15_10_IRQHandler
 .text._sbrk    0x0000000008001a64       0x6c Core/Src/sysmem.o
                0x0000000008001a64                _sbrk
 .text.SystemInit
                0x0000000008001ad0       0x70 Core/Src/system_stm32f1xx.o
                0x0000000008001ad0                SystemInit
 .text.Reset_Handler
                0x0000000008001b40       0x48 Core/Startup/startup_stm32f100c8tx.o
                0x0000000008001b40                Reset_Handler
 .text.Default_Handler
                0x0000000008001b88        0x2 Core/Startup/startup_stm32f100c8tx.o
                0x0000000008001b88                RTC_Alarm_IRQHandler
                0x0000000008001b88                EXTI2_IRQHandler
                0x0000000008001b88                TIM1_CC_IRQHandler
                0x0000000008001b88                PVD_IRQHandler
                0x0000000008001b88                EXTI3_IRQHandler
                0x0000000008001b88                EXTI0_IRQHandler
                0x0000000008001b88                SPI1_IRQHandler
                0x0000000008001b88                TAMPER_IRQHandler
                0x0000000008001b88                TIM6_DAC_IRQHandler
                0x0000000008001b88                DMA1_Channel4_IRQHandler
                0x0000000008001b88                ADC1_IRQHandler
                0x0000000008001b88                USART3_IRQHandler
                0x0000000008001b88                RTC_IRQHandler
                0x0000000008001b88                DMA1_Channel7_IRQHandler
                0x0000000008001b88                I2C1_EV_IRQHandler
                0x0000000008001b88                DMA1_Channel6_IRQHandler
                0x0000000008001b88                TIM3_IRQHandler
                0x0000000008001b88                RCC_IRQHandler
                0x0000000008001b88                DMA1_Channel1_IRQHandler
                0x0000000008001b88                Default_Handler
                0x0000000008001b88                CEC_IRQHandler
                0x0000000008001b88                TIM7_IRQHandler
                0x0000000008001b88                EXTI9_5_IRQHandler
                0x0000000008001b88                DMA1_Channel5_IRQHandler
                0x0000000008001b88                EXTI4_IRQHandler
                0x0000000008001b88                TIM1_TRG_COM_TIM17_IRQHandler
                0x0000000008001b88                DMA1_Channel3_IRQHandler
                0x0000000008001b88                WWDG_IRQHandler
                0x0000000008001b88                EXTI1_IRQHandler
                0x0000000008001b88                USART2_IRQHandler
                0x0000000008001b88                DMA1_Channel2_IRQHandler
                0x0000000008001b88                FLASH_IRQHandler
                0x0000000008001b88                USART1_IRQHandler
                0x0000000008001b88                I2C1_ER_IRQHandler
                0x0000000008001b88                TIM1_BRK_TIM15_IRQHandler
 .text.HAL_Init
                0x0000000008001b8a       0x1a Drivers/STM32F1xx_HAL_Driver/Src/stm32f1xx_hal.o
                0x0000000008001b8a                HAL_Init
 .text.HAL_InitTick
                0x0000000008001ba4       0x60 Drivers/STM32F1xx_HAL_Driver/Src/stm32f1xx_hal.o
                0x0000000008001ba4                HAL_InitTick
 .text.HAL_IncTick
                0x0000000008001c04       0x24 Drivers/STM32F1xx_HAL_Driver/Src/stm32f1xx_hal.o
                0x0000000008001c04                HAL_IncTick
 .text.HAL_GetTick
                0x0000000008001c28       0x14 Drivers/STM32F1xx_HAL_Driver/Src/stm32f1xx_hal.o
                0x0000000008001c28                HAL_GetTick
 .text.HAL_Delay
                0x0000000008001c3c       0x44 Drivers/STM32F1xx_HAL_Driver/Src/stm32f1xx_hal.o
                0x0000000008001c3c                HAL_Delay
 .text.HAL_ADC_Init
                0x0000000008001c80      0x1b0 Drivers/STM32F1xx_HAL_Driver/Src/stm32f1xx_hal_adc.o
                0x0000000008001c80                HAL_ADC_Init
 .text.HAL_ADC_ConfigChannel
                0x0000000008001e30      0x1f0 Drivers/STM32F1xx_HAL_Driver/Src/stm32f1xx_hal_adc.o
                0x0000000008001e30                HAL_ADC_ConfigChannel
 .text.ADC_ConversionStop_Disable
                0x0000000008002020       0x74 Drivers/STM32F1xx_HAL_Driver/Src/stm32f1xx_hal_adc.o
                0x0000000008002020                ADC_ConversionStop_Disable
 .text.__NVIC_SetPriorityGrouping
                0x0000000008002094       0x48 Drivers/STM32F1xx_HAL_Driver/Src/stm32f1xx_hal_cortex.o
 .text.__NVIC_GetPriorityGrouping
                0x00000000080020dc       0x1c Drivers/STM32F1xx_HAL_Driver/Src/stm32f1xx_hal_cortex.o
 .text.__NVIC_EnableIRQ
                0x00000000080020f8       0x38 Drivers/STM32F1xx_HAL_Driver/Src/stm32f1xx_hal_cortex.o
 .text.__NVIC_DisableIRQ
                0x0000000008002130       0x44 Drivers/STM32F1xx_HAL_Driver/Src/stm32f1xx_hal_cortex.o
 .text.__NVIC_SetPriority
                0x0000000008002174       0x54 Drivers/STM32F1xx_HAL_Driver/Src/stm32f1xx_hal_cortex.o
 .text.NVIC_EncodePriority
                0x00000000080021c8       0x64 Drivers/STM32F1xx_HAL_Driver/Src/stm32f1xx_hal_cortex.o
 .text.SysTick_Config
                0x000000000800222c       0x44 Drivers/STM32F1xx_HAL_Driver/Src/stm32f1xx_hal_cortex.o
 .text.HAL_NVIC_SetPriorityGrouping
                0x0000000008002270       0x16 Drivers/STM32F1xx_HAL_Driver/Src/stm32f1xx_hal_cortex.o
                0x0000000008002270                HAL_NVIC_SetPriorityGrouping
 .text.HAL_NVIC_SetPriority
                0x0000000008002286       0x38 Drivers/STM32F1xx_HAL_Driver/Src/stm32f1xx_hal_cortex.o
                0x0000000008002286                HAL_NVIC_SetPriority
 .text.HAL_NVIC_EnableIRQ
                0x00000000080022be       0x1c Drivers/STM32F1xx_HAL_Driver/Src/stm32f1xx_hal_cortex.o
                0x00000000080022be                HAL_NVIC_EnableIRQ
 .text.HAL_NVIC_DisableIRQ
                0x00000000080022da       0x1c Drivers/STM32F1xx_HAL_Driver/Src/stm32f1xx_hal_cortex.o
                0x00000000080022da                HAL_NVIC_DisableIRQ
 .text.HAL_SYSTICK_Config
                0x00000000080022f6       0x18 Drivers/STM32F1xx_HAL_Driver/Src/stm32f1xx_hal_cortex.o
                0x00000000080022f6                HAL_SYSTICK_Config
 *fill*         0x000000000800230e        0x2 
 .text.HAL_GPIO_Init
                0x0000000008002310      0x2b4 Drivers/STM32F1xx_HAL_Driver/Src/stm32f1xx_hal_gpio.o
                0x0000000008002310                HAL_GPIO_Init
 .text.HAL_GPIO_ReadPin
                0x00000000080025c4       0x2e Drivers/STM32F1xx_HAL_Driver/Src/stm32f1xx_hal_gpio.o
                0x00000000080025c4                HAL_GPIO_ReadPin
 .text.HAL_GPIO_WritePin
                0x00000000080025f2       0x30 Drivers/STM32F1xx_HAL_Driver/Src/stm32f1xx_hal_gpio.o
                0x00000000080025f2                HAL_GPIO_WritePin
 *fill*         0x0000000008002622        0x2 
 .text.HAL_GPIO_EXTI_IRQHandler
                0x0000000008002624       0x30 Drivers/STM32F1xx_HAL_Driver/Src/stm32f1xx_hal_gpio.o
                0x0000000008002624                HAL_GPIO_EXTI_IRQHandler
 .text.HAL_GPIO_EXTI_Callback
                0x0000000008002654       0x14 Drivers/STM32F1xx_HAL_Driver/Src/stm32f1xx_hal_gpio.o
                0x0000000008002654                HAL_GPIO_EXTI_Callback
 .text.HAL_RCC_OscConfig
                0x0000000008002668      0x500 Drivers/STM32F1xx_HAL_Driver/Src/stm32f1xx_hal_rcc.o
                0x0000000008002668                HAL_RCC_OscConfig
 .text.HAL_RCC_ClockConfig
                0x0000000008002b68      0x170 Drivers/STM32F1xx_HAL_Driver/Src/stm32f1xx_hal_rcc.o
                0x0000000008002b68                HAL_RCC_ClockConfig
 .text.HAL_RCC_GetSysClockFreq
                0x0000000008002cd8       0xc8 Drivers/STM32F1xx_HAL_Driver/Src/stm32f1xx_hal_rcc.o
                0x0000000008002cd8                HAL_RCC_GetSysClockFreq
 .text.HAL_RCC_GetHCLKFreq
                0x0000000008002da0       0x14 Drivers/STM32F1xx_HAL_Driver/Src/stm32f1xx_hal_rcc.o
                0x0000000008002da0                HAL_RCC_GetHCLKFreq
 .text.HAL_RCC_GetPCLK1Freq
                0x0000000008002db4       0x28 Drivers/STM32F1xx_HAL_Driver/Src/stm32f1xx_hal_rcc.o
                0x0000000008002db4                HAL_RCC_GetPCLK1Freq
 .text.HAL_RCC_GetPCLK2Freq
                0x0000000008002ddc       0x28 Drivers/STM32F1xx_HAL_Driver/Src/stm32f1xx_hal_rcc.o
                0x0000000008002ddc                HAL_RCC_GetPCLK2Freq
 .text.RCC_Delay
                0x0000000008002e04       0x3c Drivers/STM32F1xx_HAL_Driver/Src/stm32f1xx_hal_rcc.o
 .text.HAL_RCCEx_PeriphCLKConfig
                0x0000000008002e40      0x14c Drivers/STM32F1xx_HAL_Driver/Src/stm32f1xx_hal_rcc_ex.o
                0x0000000008002e40                HAL_RCCEx_PeriphCLKConfig
 .text.HAL_SPI_Init
                0x0000000008002f8c       0xb2 Drivers/STM32F1xx_HAL_Driver/Src/stm32f1xx_hal_spi.o
                0x0000000008002f8c                HAL_SPI_Init
 .text.HAL_SPI_Transmit
                0x000000000800303e      0x268 Drivers/STM32F1xx_HAL_Driver/Src/stm32f1xx_hal_spi.o
                0x000000000800303e                HAL_SPI_Transmit
 .text.HAL_SPI_TransmitReceive
                0x00000000080032a6      0x344 Drivers/STM32F1xx_HAL_Driver/Src/stm32f1xx_hal_spi.o
                0x00000000080032a6                HAL_SPI_TransmitReceive
 .text.HAL_SPI_GetState
                0x00000000080035ea       0x1a Drivers/STM32F1xx_HAL_Driver/Src/stm32f1xx_hal_spi.o
                0x00000000080035ea                HAL_SPI_GetState
 .text.SPI_WaitFlagStateUntilTimeout
                0x0000000008003604       0xd4 Drivers/STM32F1xx_HAL_Driver/Src/stm32f1xx_hal_spi.o
 .text.SPI_EndRxTxTransaction
                0x00000000080036d8       0x3c Drivers/STM32F1xx_HAL_Driver/Src/stm32f1xx_hal_spi.o
 .text.HAL_TIM_Base_Init
                0x0000000008003714       0x56 Drivers/STM32F1xx_HAL_Driver/Src/stm32f1xx_hal_tim.o
                0x0000000008003714                HAL_TIM_Base_Init
 .text.HAL_TIM_Base_Start_IT
                0x000000000800376a       0x46 Drivers/STM32F1xx_HAL_Driver/Src/stm32f1xx_hal_tim.o
                0x000000000800376a                HAL_TIM_Base_Start_IT
 .text.HAL_TIM_Base_Stop_IT
                0x00000000080037b0       0x54 Drivers/STM32F1xx_HAL_Driver/Src/stm32f1xx_hal_tim.o
                0x00000000080037b0                HAL_TIM_Base_Stop_IT
 .text.HAL_TIM_PWM_Init
                0x0000000008003804       0x56 Drivers/STM32F1xx_HAL_Driver/Src/stm32f1xx_hal_tim.o
                0x0000000008003804                HAL_TIM_PWM_Init
 .text.HAL_TIM_PWM_MspInit
                0x000000000800385a       0x12 Drivers/STM32F1xx_HAL_Driver/Src/stm32f1xx_hal_tim.o
                0x000000000800385a                HAL_TIM_PWM_MspInit
 .text.HAL_TIM_PWM_Start
                0x000000000800386c       0x98 Drivers/STM32F1xx_HAL_Driver/Src/stm32f1xx_hal_tim.o
                0x000000000800386c                HAL_TIM_PWM_Start
 .text.HAL_TIM_IRQHandler
                0x0000000008003904      0x210 Drivers/STM32F1xx_HAL_Driver/Src/stm32f1xx_hal_tim.o
                0x0000000008003904                HAL_TIM_IRQHandler
 .text.HAL_TIM_PWM_ConfigChannel
                0x0000000008003b14      0x18c Drivers/STM32F1xx_HAL_Driver/Src/stm32f1xx_hal_tim.o
                0x0000000008003b14                HAL_TIM_PWM_ConfigChannel
 .text.HAL_TIM_ConfigClockSource
                0x0000000008003ca0      0x16e Drivers/STM32F1xx_HAL_Driver/Src/stm32f1xx_hal_tim.o
                0x0000000008003ca0                HAL_TIM_ConfigClockSource
 .text.HAL_TIM_OC_DelayElapsedCallback
                0x0000000008003e0e       0x12 Drivers/STM32F1xx_HAL_Driver/Src/stm32f1xx_hal_tim.o
                0x0000000008003e0e                HAL_TIM_OC_DelayElapsedCallback
 .text.HAL_TIM_IC_CaptureCallback
                0x0000000008003e20       0x12 Drivers/STM32F1xx_HAL_Driver/Src/stm32f1xx_hal_tim.o
                0x0000000008003e20                HAL_TIM_IC_CaptureCallback
 .text.HAL_TIM_PWM_PulseFinishedCallback
                0x0000000008003e32       0x12 Drivers/STM32F1xx_HAL_Driver/Src/stm32f1xx_hal_tim.o
                0x0000000008003e32                HAL_TIM_PWM_PulseFinishedCallback
 .text.HAL_TIM_TriggerCallback
                0x0000000008003e44       0x12 Drivers/STM32F1xx_HAL_Driver/Src/stm32f1xx_hal_tim.o
                0x0000000008003e44                HAL_TIM_TriggerCallback
 *fill*         0x0000000008003e56        0x2 
 .text.TIM_Base_SetConfig
                0x0000000008003e58      0x100 Drivers/STM32F1xx_HAL_Driver/Src/stm32f1xx_hal_tim.o
                0x0000000008003e58                TIM_Base_SetConfig
 .text.TIM_OC1_SetConfig
                0x0000000008003f58      0x108 Drivers/STM32F1xx_HAL_Driver/Src/stm32f1xx_hal_tim.o
 .text.TIM_OC2_SetConfig
                0x0000000008004060       0xf8 Drivers/STM32F1xx_HAL_Driver/Src/stm32f1xx_hal_tim.o
                0x0000000008004060                TIM_OC2_SetConfig
 .text.TIM_OC3_SetConfig
                0x0000000008004158       0xf8 Drivers/STM32F1xx_HAL_Driver/Src/stm32f1xx_hal_tim.o
 .text.TIM_OC4_SetConfig
                0x0000000008004250       0xc0 Drivers/STM32F1xx_HAL_Driver/Src/stm32f1xx_hal_tim.o
 .text.TIM_TI1_ConfigInputStage
                0x0000000008004310       0x5c Drivers/STM32F1xx_HAL_Driver/Src/stm32f1xx_hal_tim.o
 .text.TIM_TI2_ConfigInputStage
                0x000000000800436c       0x5e Drivers/STM32F1xx_HAL_Driver/Src/stm32f1xx_hal_tim.o
 .text.TIM_ITRx_SetConfig
                0x00000000080043ca       0x34 Drivers/STM32F1xx_HAL_Driver/Src/stm32f1xx_hal_tim.o
 .text.TIM_ETR_SetConfig
                0x00000000080043fe       0x3e Drivers/STM32F1xx_HAL_Driver/Src/stm32f1xx_hal_tim.o
                0x00000000080043fe                TIM_ETR_SetConfig
 .text.TIM_CCxChannelCmd
                0x000000000800443c       0x48 Drivers/STM32F1xx_HAL_Driver/Src/stm32f1xx_hal_tim.o
                0x000000000800443c                TIM_CCxChannelCmd
 .text.HAL_TIMEx_MasterConfigSynchronization
                0x0000000008004484       0x88 Drivers/STM32F1xx_HAL_Driver/Src/stm32f1xx_hal_tim_ex.o
                0x0000000008004484                HAL_TIMEx_MasterConfigSynchronization
 .text.HAL_TIMEx_CommutCallback
                0x000000000800450c       0x12 Drivers/STM32F1xx_HAL_Driver/Src/stm32f1xx_hal_tim_ex.o
                0x000000000800450c                HAL_TIMEx_CommutCallback
 .text.HAL_TIMEx_BreakCallback
                0x000000000800451e       0x12 Drivers/STM32F1xx_HAL_Driver/Src/stm32f1xx_hal_tim_ex.o
                0x000000000800451e                HAL_TIMEx_BreakCallback
 .text.HAL_UART_Init
                0x0000000008004530       0x9a Drivers/STM32F1xx_HAL_Driver/Src/stm32f1xx_hal_uart.o
                0x0000000008004530                HAL_UART_Init
 *fill*         0x00000000080045ca        0x2 
 .text.UART_SetConfig
                0x00000000080045cc      0x310 Drivers/STM32F1xx_HAL_Driver/Src/stm32f1xx_hal_uart.o
 .text.__errno  0x00000000080048dc        0xc d:/program/stm32cubeide_1.4.0/stm32cubeide/plugins/com.st.stm32cube.ide.mcu.externaltools.gnu-tools-for-stm32.7-2018-q2-update.win32_1.4.0.202007081208/tools/bin/../lib/gcc/arm-none-eabi/7.3.1/../../../../arm-none-eabi/lib/thumb/v7-m\libc_nano.a(lib_a-errno.o)
                0x00000000080048dc                __errno
 .text.__libc_init_array
                0x00000000080048e8       0x48 d:/program/stm32cubeide_1.4.0/stm32cubeide/plugins/com.st.stm32cube.ide.mcu.externaltools.gnu-tools-for-stm32.7-2018-q2-update.win32_1.4.0.202007081208/tools/bin/../lib/gcc/arm-none-eabi/7.3.1/../../../../arm-none-eabi/lib/thumb/v7-m\libc_nano.a(lib_a-init.o)
                0x00000000080048e8                __libc_init_array
 .text.memcpy   0x0000000008004930       0x16 d:/program/stm32cubeide_1.4.0/stm32cubeide/plugins/com.st.stm32cube.ide.mcu.externaltools.gnu-tools-for-stm32.7-2018-q2-update.win32_1.4.0.202007081208/tools/bin/../lib/gcc/arm-none-eabi/7.3.1/../../../../arm-none-eabi/lib/thumb/v7-m\libc_nano.a(lib_a-memcpy-stub.o)
                0x0000000008004930                memcpy
 .text.memset   0x0000000008004946       0x10 d:/program/stm32cubeide_1.4.0/stm32cubeide/plugins/com.st.stm32cube.ide.mcu.externaltools.gnu-tools-for-stm32.7-2018-q2-update.win32_1.4.0.202007081208/tools/bin/../lib/gcc/arm-none-eabi/7.3.1/../../../../arm-none-eabi/lib/thumb/v7-m\libc_nano.a(lib_a-memset.o)
                0x0000000008004946                memset
 .text._vsnprintf_r
                0x0000000008004956       0x58 d:/program/stm32cubeide_1.4.0/stm32cubeide/plugins/com.st.stm32cube.ide.mcu.externaltools.gnu-tools-for-stm32.7-2018-q2-update.win32_1.4.0.202007081208/tools/bin/../lib/gcc/arm-none-eabi/7.3.1/../../../../arm-none-eabi/lib/thumb/v7-m\libc_nano.a(lib_a-vsnprintf.o)
                0x0000000008004956                _vsniprintf_r
                0x0000000008004956                _vsnprintf_r
 *fill*         0x00000000080049ae        0x2 
 .text.vsnprintf
                0x00000000080049b0       0x1c d:/program/stm32cubeide_1.4.0/stm32cubeide/plugins/com.st.stm32cube.ide.mcu.externaltools.gnu-tools-for-stm32.7-2018-q2-update.win32_1.4.0.202007081208/tools/bin/../lib/gcc/arm-none-eabi/7.3.1/../../../../arm-none-eabi/lib/thumb/v7-m\libc_nano.a(lib_a-vsnprintf.o)
                0x00000000080049b0                vsniprintf
                0x00000000080049b0                vsnprintf
 .text.__ssputs_r
                0x00000000080049cc       0xb4 d:/program/stm32cubeide_1.4.0/stm32cubeide/plugins/com.st.stm32cube.ide.mcu.externaltools.gnu-tools-for-stm32.7-2018-q2-update.win32_1.4.0.202007081208/tools/bin/../lib/gcc/arm-none-eabi/7.3.1/../../../../arm-none-eabi/lib/thumb/v7-m\libc_nano.a(lib_a-nano-svfprintf.o)
                0x00000000080049cc                __ssputs_r
 .text._svfprintf_r
                0x0000000008004a80      0x1f0 d:/program/stm32cubeide_1.4.0/stm32cubeide/plugins/com.st.stm32cube.ide.mcu.externaltools.gnu-tools-for-stm32.7-2018-q2-update.win32_1.4.0.202007081208/tools/bin/../lib/gcc/arm-none-eabi/7.3.1/../../../../arm-none-eabi/lib/thumb/v7-m\libc_nano.a(lib_a-nano-svfprintf.o)
                0x0000000008004a80                _svfiprintf_r
                0x0000000008004a80                _svfprintf_r
 .text._printf_common
                0x0000000008004c70       0xec d:/program/stm32cubeide_1.4.0/stm32cubeide/plugins/com.st.stm32cube.ide.mcu.externaltools.gnu-tools-for-stm32.7-2018-q2-update.win32_1.4.0.202007081208/tools/bin/../lib/gcc/arm-none-eabi/7.3.1/../../../../arm-none-eabi/lib/thumb/v7-m\libc_nano.a(lib_a-nano-vfprintf_i.o)
                0x0000000008004c70                _printf_common
 .text._printf_i
                0x0000000008004d5c      0x224 d:/program/stm32cubeide_1.4.0/stm32cubeide/plugins/com.st.stm32cube.ide.mcu.externaltools.gnu-tools-for-stm32.7-2018-q2-update.win32_1.4.0.202007081208/tools/bin/../lib/gcc/arm-none-eabi/7.3.1/../../../../arm-none-eabi/lib/thumb/v7-m\libc_nano.a(lib_a-nano-vfprintf_i.o)
                0x0000000008004d5c                _printf_i
 .text.memchr   0x0000000008004f80       0x1c d:/program/stm32cubeide_1.4.0/stm32cubeide/plugins/com.st.stm32cube.ide.mcu.externaltools.gnu-tools-for-stm32.7-2018-q2-update.win32_1.4.0.202007081208/tools/bin/../lib/gcc/arm-none-eabi/7.3.1/../../../../arm-none-eabi/lib/thumb/v7-m\libc_nano.a(lib_a-memchr-stub.o)
                0x0000000008004f80                memchr
 .text.memmove  0x0000000008004f9c       0x32 d:/program/stm32cubeide_1.4.0/stm32cubeide/plugins/com.st.stm32cube.ide.mcu.externaltools.gnu-tools-for-stm32.7-2018-q2-update.win32_1.4.0.202007081208/tools/bin/../lib/gcc/arm-none-eabi/7.3.1/../../../../arm-none-eabi/lib/thumb/v7-m\libc_nano.a(lib_a-memmove.o)
                0x0000000008004f9c                memmove
 *fill*         0x0000000008004fce        0x2 
 .text._free_r  0x0000000008004fd0       0x98 d:/program/stm32cubeide_1.4.0/stm32cubeide/plugins/com.st.stm32cube.ide.mcu.externaltools.gnu-tools-for-stm32.7-2018-q2-update.win32_1.4.0.202007081208/tools/bin/../lib/gcc/arm-none-eabi/7.3.1/../../../../arm-none-eabi/lib/thumb/v7-m\libc_nano.a(lib_a-nano-freer.o)
                0x0000000008004fd0                _free_r
 .text._malloc_r
                0x0000000008005068       0xb4 d:/program/stm32cubeide_1.4.0/stm32cubeide/plugins/com.st.stm32cube.ide.mcu.externaltools.gnu-tools-for-stm32.7-2018-q2-update.win32_1.4.0.202007081208/tools/bin/../lib/gcc/arm-none-eabi/7.3.1/../../../../arm-none-eabi/lib/thumb/v7-m\libc_nano.a(lib_a-nano-mallocr.o)
                0x0000000008005068                _malloc_r
 .text._realloc_r
                0x000000000800511c       0x4c d:/program/stm32cubeide_1.4.0/stm32cubeide/plugins/com.st.stm32cube.ide.mcu.externaltools.gnu-tools-for-stm32.7-2018-q2-update.win32_1.4.0.202007081208/tools/bin/../lib/gcc/arm-none-eabi/7.3.1/../../../../arm-none-eabi/lib/thumb/v7-m\libc_nano.a(lib_a-nano-reallocr.o)
                0x000000000800511c                _realloc_r
 .text._sbrk_r  0x0000000008005168       0x20 d:/program/stm32cubeide_1.4.0/stm32cubeide/plugins/com.st.stm32cube.ide.mcu.externaltools.gnu-tools-for-stm32.7-2018-q2-update.win32_1.4.0.202007081208/tools/bin/../lib/gcc/arm-none-eabi/7.3.1/../../../../arm-none-eabi/lib/thumb/v7-m\libc_nano.a(lib_a-sbrkr.o)
                0x0000000008005168                _sbrk_r
 .text.__malloc_lock
                0x0000000008005188        0x2 d:/program/stm32cubeide_1.4.0/stm32cubeide/plugins/com.st.stm32cube.ide.mcu.externaltools.gnu-tools-for-stm32.7-2018-q2-update.win32_1.4.0.202007081208/tools/bin/../lib/gcc/arm-none-eabi/7.3.1/../../../../arm-none-eabi/lib/thumb/v7-m\libc_nano.a(lib_a-mlock.o)
                0x0000000008005188                __malloc_lock
 .text.__malloc_unlock
                0x000000000800518a        0x2 d:/program/stm32cubeide_1.4.0/stm32cubeide/plugins/com.st.stm32cube.ide.mcu.externaltools.gnu-tools-for-stm32.7-2018-q2-update.win32_1.4.0.202007081208/tools/bin/../lib/gcc/arm-none-eabi/7.3.1/../../../../arm-none-eabi/lib/thumb/v7-m\libc_nano.a(lib_a-mlock.o)
                0x000000000800518a                __malloc_unlock
 .text._malloc_usable_size_r
                0x000000000800518c       0x10 d:/program/stm32cubeide_1.4.0/stm32cubeide/plugins/com.st.stm32cube.ide.mcu.externaltools.gnu-tools-for-stm32.7-2018-q2-update.win32_1.4.0.202007081208/tools/bin/../lib/gcc/arm-none-eabi/7.3.1/../../../../arm-none-eabi/lib/thumb/v7-m\libc_nano.a(lib_a-nano-msizer.o)
                0x000000000800518c                _malloc_usable_size_r
 *(.glue_7)
 .glue_7        0x000000000800519c        0x0 linker stubs
 *(.glue_7t)
 .glue_7t       0x000000000800519c        0x0 linker stubs
 *(.eh_frame)
 .eh_frame      0x000000000800519c        0x0 d:/program/stm32cubeide_1.4.0/stm32cubeide/plugins/com.st.stm32cube.ide.mcu.externaltools.gnu-tools-for-stm32.7-2018-q2-update.win32_1.4.0.202007081208/tools/bin/../lib/gcc/arm-none-eabi/7.3.1/thumb/v7-m/crtbegin.o
 *(.init)
 .init          0x000000000800519c        0x4 d:/program/stm32cubeide_1.4.0/stm32cubeide/plugins/com.st.stm32cube.ide.mcu.externaltools.gnu-tools-for-stm32.7-2018-q2-update.win32_1.4.0.202007081208/tools/bin/../lib/gcc/arm-none-eabi/7.3.1/thumb/v7-m/crti.o
                0x000000000800519c                _init
 .init          0x00000000080051a0        0x8 d:/program/stm32cubeide_1.4.0/stm32cubeide/plugins/com.st.stm32cube.ide.mcu.externaltools.gnu-tools-for-stm32.7-2018-q2-update.win32_1.4.0.202007081208/tools/bin/../lib/gcc/arm-none-eabi/7.3.1/thumb/v7-m/crtn.o
 *(.fini)
 .fini          0x00000000080051a8        0x4 d:/program/stm32cubeide_1.4.0/stm32cubeide/plugins/com.st.stm32cube.ide.mcu.externaltools.gnu-tools-for-stm32.7-2018-q2-update.win32_1.4.0.202007081208/tools/bin/../lib/gcc/arm-none-eabi/7.3.1/thumb/v7-m/crti.o
                0x00000000080051a8                _fini
 .fini          0x00000000080051ac        0x8 d:/program/stm32cubeide_1.4.0/stm32cubeide/plugins/com.st.stm32cube.ide.mcu.externaltools.gnu-tools-for-stm32.7-2018-q2-update.win32_1.4.0.202007081208/tools/bin/../lib/gcc/arm-none-eabi/7.3.1/thumb/v7-m/crtn.o
                0x00000000080051b4                . = ALIGN (0x4)
                0x00000000080051b4                _etext = .

.vfp11_veneer   0x00000000080051b4        0x0
 .vfp11_veneer  0x00000000080051b4        0x0 linker stubs

.v4_bx          0x00000000080051b4        0x0
 .v4_bx         0x00000000080051b4        0x0 linker stubs

.iplt           0x00000000080051b4        0x0
 .iplt          0x00000000080051b4        0x0 d:/program/stm32cubeide_1.4.0/stm32cubeide/plugins/com.st.stm32cube.ide.mcu.externaltools.gnu-tools-for-stm32.7-2018-q2-update.win32_1.4.0.202007081208/tools/bin/../lib/gcc/arm-none-eabi/7.3.1/thumb/v7-m/crtbegin.o

.rodata         0x00000000080051b4       0xfc
                0x00000000080051b4                . = ALIGN (0x4)
 *(.rodata)
 .rodata        0x00000000080051b4       0x70 Core/Src/main.o
 .rodata        0x0000000008005224       0x20 Drivers/STM32F1xx_HAL_Driver/Src/stm32f1xx_hal_rcc.o
 *(.rodata*)
 .rodata.SX1278_Frequency
                0x0000000008005244        0x3 Core/Src/SX1278.o
 *fill*         0x0000000008005247        0x1 
 .rodata.SX1278_Power
                0x0000000008005248        0x4 Core/Src/SX1278.o
 .rodata.SX1278_SpreadFactor
                0x000000000800524c        0x7 Core/Src/SX1278.o
 *fill*         0x0000000008005253        0x1 
 .rodata.SX1278_LoRaBandwidth
                0x0000000008005254        0xa Core/Src/SX1278.o
 *fill*         0x000000000800525e        0x2 
 .rodata.ROW_16
                0x0000000008005260        0x4 Core/Src/lcd.o
                0x0000000008005260                ROW_16
 .rodata.AHBPrescTable
                0x0000000008005264       0x10 Core/Src/system_stm32f1xx.o
                0x0000000008005264                AHBPrescTable
 .rodata.APBPrescTable
                0x0000000008005274        0x8 Core/Src/system_stm32f1xx.o
                0x0000000008005274                APBPrescTable
 .rodata._svfprintf_r.str1.1
                0x000000000800527c       0x11 d:/program/stm32cubeide_1.4.0/stm32cubeide/plugins/com.st.stm32cube.ide.mcu.externaltools.gnu-tools-for-stm32.7-2018-q2-update.win32_1.4.0.202007081208/tools/bin/../lib/gcc/arm-none-eabi/7.3.1/../../../../arm-none-eabi/lib/thumb/v7-m\libc_nano.a(lib_a-nano-svfprintf.o)
 .rodata._printf_i.str1.1
                0x000000000800528d       0x22 d:/program/stm32cubeide_1.4.0/stm32cubeide/plugins/com.st.stm32cube.ide.mcu.externaltools.gnu-tools-for-stm32.7-2018-q2-update.win32_1.4.0.202007081208/tools/bin/../lib/gcc/arm-none-eabi/7.3.1/../../../../arm-none-eabi/lib/thumb/v7-m\libc_nano.a(lib_a-nano-vfprintf_i.o)
                0x00000000080052b0                . = ALIGN (0x4)
 *fill*         0x00000000080052af        0x1 

.rel.dyn        0x00000000080052b0        0x0
 .rel.iplt      0x00000000080052b0        0x0 d:/program/stm32cubeide_1.4.0/stm32cubeide/plugins/com.st.stm32cube.ide.mcu.externaltools.gnu-tools-for-stm32.7-2018-q2-update.win32_1.4.0.202007081208/tools/bin/../lib/gcc/arm-none-eabi/7.3.1/thumb/v7-m/crtbegin.o

.ARM.extab      0x00000000080052b0        0x0
                0x00000000080052b0                . = ALIGN (0x4)
 *(.ARM.extab* .gnu.linkonce.armextab.*)
                0x00000000080052b0                . = ALIGN (0x4)

.ARM            0x00000000080052b0        0x0
                0x00000000080052b0                . = ALIGN (0x4)
                0x00000000080052b0                __exidx_start = .
 *(.ARM.exidx*)
                0x00000000080052b0                __exidx_end = .
                0x00000000080052b0                . = ALIGN (0x4)

.preinit_array  0x00000000080052b0        0x0
                0x00000000080052b0                . = ALIGN (0x4)
                0x00000000080052b0                PROVIDE (__preinit_array_start = .)
 *(.preinit_array*)
                0x00000000080052b0                PROVIDE (__preinit_array_end = .)
                0x00000000080052b0                . = ALIGN (0x4)

.init_array     0x00000000080052b0        0x4
                0x00000000080052b0                . = ALIGN (0x4)
                0x00000000080052b0                PROVIDE (__init_array_start = .)
 *(SORT_BY_NAME(.init_array.*))
 *(.init_array*)
 .init_array    0x00000000080052b0        0x4 d:/program/stm32cubeide_1.4.0/stm32cubeide/plugins/com.st.stm32cube.ide.mcu.externaltools.gnu-tools-for-stm32.7-2018-q2-update.win32_1.4.0.202007081208/tools/bin/../lib/gcc/arm-none-eabi/7.3.1/thumb/v7-m/crtbegin.o
                0x00000000080052b4                PROVIDE (__init_array_end = .)
                0x00000000080052b4                . = ALIGN (0x4)

.fini_array     0x00000000080052b4        0x4
                0x00000000080052b4                . = ALIGN (0x4)
                [!provide]                        PROVIDE (__fini_array_start = .)
 *(SORT_BY_NAME(.fini_array.*))
 *(.fini_array*)
 .fini_array    0x00000000080052b4        0x4 d:/program/stm32cubeide_1.4.0/stm32cubeide/plugins/com.st.stm32cube.ide.mcu.externaltools.gnu-tools-for-stm32.7-2018-q2-update.win32_1.4.0.202007081208/tools/bin/../lib/gcc/arm-none-eabi/7.3.1/thumb/v7-m/crtbegin.o
                [!provide]                        PROVIDE (__fini_array_end = .)
                0x00000000080052b8                . = ALIGN (0x4)
                0x00000000080052b8                _sidata = LOADADDR (.data)

.data           0x0000000020000000       0x80 load address 0x00000000080052b8
                0x0000000020000000                . = ALIGN (0x4)
                0x0000000020000000                _sdata = .
 *(.data)
 *(.data*)
 .data.menu_str
                0x0000000020000000       0x10 Core/Src/main.o
                0x0000000020000000                menu_str
 .data.SystemCoreClock
                0x0000000020000010        0x4 Core/Src/system_stm32f1xx.o
                0x0000000020000010                SystemCoreClock
 .data.uwTickPrio
                0x0000000020000014        0x4 Drivers/STM32F1xx_HAL_Driver/Src/stm32f1xx_hal.o
                0x0000000020000014                uwTickPrio
 .data.uwTickFreq
                0x0000000020000018        0x1 Drivers/STM32F1xx_HAL_Driver/Src/stm32f1xx_hal.o
                0x0000000020000018                uwTickFreq
 *fill*         0x0000000020000019        0x3 
 .data._impure_ptr
                0x000000002000001c        0x4 d:/program/stm32cubeide_1.4.0/stm32cubeide/plugins/com.st.stm32cube.ide.mcu.externaltools.gnu-tools-for-stm32.7-2018-q2-update.win32_1.4.0.202007081208/tools/bin/../lib/gcc/arm-none-eabi/7.3.1/../../../../arm-none-eabi/lib/thumb/v7-m\libc_nano.a(lib_a-impure.o)
                0x000000002000001c                _impure_ptr
 .data.impure_data
                0x0000000020000020       0x60 d:/program/stm32cubeide_1.4.0/stm32cubeide/plugins/com.st.stm32cube.ide.mcu.externaltools.gnu-tools-for-stm32.7-2018-q2-update.win32_1.4.0.202007081208/tools/bin/../lib/gcc/arm-none-eabi/7.3.1/../../../../arm-none-eabi/lib/thumb/v7-m\libc_nano.a(lib_a-impure.o)
                0x0000000020000080                . = ALIGN (0x4)
                0x0000000020000080                _edata = .

.igot.plt       0x0000000020000080        0x0 load address 0x0000000008005338
 .igot.plt      0x0000000020000080        0x0 d:/program/stm32cubeide_1.4.0/stm32cubeide/plugins/com.st.stm32cube.ide.mcu.externaltools.gnu-tools-for-stm32.7-2018-q2-update.win32_1.4.0.202007081208/tools/bin/../lib/gcc/arm-none-eabi/7.3.1/thumb/v7-m/crtbegin.o
                0x0000000020000080                . = ALIGN (0x4)

.bss            0x0000000020000080      0x3fc load address 0x0000000008005338
                0x0000000020000080                _sbss = .
                0x0000000020000080                __bss_start__ = _sbss
 *(.bss)
 .bss           0x0000000020000080       0x1c d:/program/stm32cubeide_1.4.0/stm32cubeide/plugins/com.st.stm32cube.ide.mcu.externaltools.gnu-tools-for-stm32.7-2018-q2-update.win32_1.4.0.202007081208/tools/bin/../lib/gcc/arm-none-eabi/7.3.1/thumb/v7-m/crtbegin.o
 *(.bss*)
 .bss.__sbrk_heap_end
                0x000000002000009c        0x4 Core/Src/sysmem.o
 .bss.__malloc_free_list
                0x00000000200000a0        0x4 d:/program/stm32cubeide_1.4.0/stm32cubeide/plugins/com.st.stm32cube.ide.mcu.externaltools.gnu-tools-for-stm32.7-2018-q2-update.win32_1.4.0.202007081208/tools/bin/../lib/gcc/arm-none-eabi/7.3.1/../../../../arm-none-eabi/lib/thumb/v7-m\libc_nano.a(lib_a-nano-mallocr.o)
                0x00000000200000a0                __malloc_free_list
 .bss.__malloc_sbrk_start
                0x00000000200000a4        0x4 d:/program/stm32cubeide_1.4.0/stm32cubeide/plugins/com.st.stm32cube.ide.mcu.externaltools.gnu-tools-for-stm32.7-2018-q2-update.win32_1.4.0.202007081208/tools/bin/../lib/gcc/arm-none-eabi/7.3.1/../../../../arm-none-eabi/lib/thumb/v7-m\libc_nano.a(lib_a-nano-mallocr.o)
                0x00000000200000a4                __malloc_sbrk_start
 *(COMMON)
 COMMON         0x00000000200000a8      0x100 Core/Src/Button.o
                0x00000000200000a8                htim4
                0x00000000200000e8                htim6
                0x0000000020000128                htim2
                0x0000000020000168                htim16
 COMMON         0x00000000200001a8        0x1 Core/Src/Callbacks.o
                0x00000000200001a8                buttons
 *fill*         0x00000000200001a9        0x3 
 COMMON         0x00000000200001ac      0x2c8 Core/Src/main.o
                0x00000000200001ac                huart3
                0x00000000200001ec                hadc1
                0x000000002000021c                buffer
                0x000000002000041c                hspi1
 COMMON         0x0000000020000474        0x4 Drivers/STM32F1xx_HAL_Driver/Src/stm32f1xx_hal.o
                0x0000000020000474                uwTick
 COMMON         0x0000000020000478        0x4 d:/program/stm32cubeide_1.4.0/stm32cubeide/plugins/com.st.stm32cube.ide.mcu.externaltools.gnu-tools-for-stm32.7-2018-q2-update.win32_1.4.0.202007081208/tools/bin/../lib/gcc/arm-none-eabi/7.3.1/../../../../arm-none-eabi/lib/thumb/v7-m\libc_nano.a(lib_a-reent.o)
                0x0000000020000478                errno
                0x000000002000047c                . = ALIGN (0x4)
                0x000000002000047c                _ebss = .
                0x000000002000047c                __bss_end__ = _ebss

._user_heap_stack
                0x000000002000047c      0x604 load address 0x0000000008005338
                0x0000000020000480                . = ALIGN (0x8)
 *fill*         0x000000002000047c        0x4 
                [!provide]                        PROVIDE (end = .)
                0x0000000020000480                PROVIDE (_end = .)
                0x0000000020000680                . = (. + _Min_Heap_Size)
 *fill*         0x0000000020000480      0x200 
                0x0000000020000a80                . = (. + _Min_Stack_Size)
 *fill*         0x0000000020000680      0x400 
                0x0000000020000a80                . = ALIGN (0x8)

/DISCARD/
 libc.a(*)
 libm.a(*)
 libgcc.a(*)

.ARM.attributes
                0x0000000000000000       0x29
 *(.ARM.attributes)
 .ARM.attributes
                0x0000000000000000       0x1d d:/program/stm32cubeide_1.4.0/stm32cubeide/plugins/com.st.stm32cube.ide.mcu.externaltools.gnu-tools-for-stm32.7-2018-q2-update.win32_1.4.0.202007081208/tools/bin/../lib/gcc/arm-none-eabi/7.3.1/thumb/v7-m/crti.o
 .ARM.attributes
                0x000000000000001d       0x2d d:/program/stm32cubeide_1.4.0/stm32cubeide/plugins/com.st.stm32cube.ide.mcu.externaltools.gnu-tools-for-stm32.7-2018-q2-update.win32_1.4.0.202007081208/tools/bin/../lib/gcc/arm-none-eabi/7.3.1/thumb/v7-m/crtbegin.o
 .ARM.attributes
                0x000000000000004a       0x33 Core/Src/Button.o
 .ARM.attributes
                0x000000000000007d       0x33 Core/Src/Buzzer.o
 .ARM.attributes
                0x00000000000000b0       0x33 Core/Src/Callbacks.o
 .ARM.attributes
                0x00000000000000e3       0x33 Core/Src/SX1278.o
 .ARM.attributes
                0x0000000000000116       0x33 Core/Src/lcd.o
 .ARM.attributes
                0x0000000000000149       0x33 Core/Src/main.o
 .ARM.attributes
                0x000000000000017c       0x33 Core/Src/stm32f1xx_hal_msp.o
 .ARM.attributes
                0x00000000000001af       0x33 Core/Src/stm32f1xx_it.o
 .ARM.attributes
                0x00000000000001e2       0x33 Core/Src/sysmem.o
 .ARM.attributes
                0x0000000000000215       0x33 Core/Src/system_stm32f1xx.o
 .ARM.attributes
                0x0000000000000248       0x21 Core/Startup/startup_stm32f100c8tx.o
 .ARM.attributes
                0x0000000000000269       0x33 Drivers/STM32F1xx_HAL_Driver/Src/stm32f1xx_hal.o
 .ARM.attributes
                0x000000000000029c       0x33 Drivers/STM32F1xx_HAL_Driver/Src/stm32f1xx_hal_adc.o
 .ARM.attributes
                0x00000000000002cf       0x33 Drivers/STM32F1xx_HAL_Driver/Src/stm32f1xx_hal_cortex.o
 .ARM.attributes
                0x0000000000000302       0x33 Drivers/STM32F1xx_HAL_Driver/Src/stm32f1xx_hal_gpio.o
 .ARM.attributes
                0x0000000000000335       0x33 Drivers/STM32F1xx_HAL_Driver/Src/stm32f1xx_hal_rcc.o
 .ARM.attributes
                0x0000000000000368       0x33 Drivers/STM32F1xx_HAL_Driver/Src/stm32f1xx_hal_rcc_ex.o
 .ARM.attributes
                0x000000000000039b       0x33 Drivers/STM32F1xx_HAL_Driver/Src/stm32f1xx_hal_spi.o
 .ARM.attributes
                0x00000000000003ce       0x33 Drivers/STM32F1xx_HAL_Driver/Src/stm32f1xx_hal_tim.o
 .ARM.attributes
                0x0000000000000401       0x33 Drivers/STM32F1xx_HAL_Driver/Src/stm32f1xx_hal_tim_ex.o
 .ARM.attributes
                0x0000000000000434       0x33 Drivers/STM32F1xx_HAL_Driver/Src/stm32f1xx_hal_uart.o
 .ARM.attributes
                0x0000000000000467       0x2d d:/program/stm32cubeide_1.4.0/stm32cubeide/plugins/com.st.stm32cube.ide.mcu.externaltools.gnu-tools-for-stm32.7-2018-q2-update.win32_1.4.0.202007081208/tools/bin/../lib/gcc/arm-none-eabi/7.3.1/../../../../arm-none-eabi/lib/thumb/v7-m\libc_nano.a(lib_a-errno.o)
 .ARM.attributes
                0x0000000000000494       0x2d d:/program/stm32cubeide_1.4.0/stm32cubeide/plugins/com.st.stm32cube.ide.mcu.externaltools.gnu-tools-for-stm32.7-2018-q2-update.win32_1.4.0.202007081208/tools/bin/../lib/gcc/arm-none-eabi/7.3.1/../../../../arm-none-eabi/lib/thumb/v7-m\libc_nano.a(lib_a-impure.o)
 .ARM.attributes
                0x00000000000004c1       0x2d d:/program/stm32cubeide_1.4.0/stm32cubeide/plugins/com.st.stm32cube.ide.mcu.externaltools.gnu-tools-for-stm32.7-2018-q2-update.win32_1.4.0.202007081208/tools/bin/../lib/gcc/arm-none-eabi/7.3.1/../../../../arm-none-eabi/lib/thumb/v7-m\libc_nano.a(lib_a-init.o)
 .ARM.attributes
                0x00000000000004ee       0x2d d:/program/stm32cubeide_1.4.0/stm32cubeide/plugins/com.st.stm32cube.ide.mcu.externaltools.gnu-tools-for-stm32.7-2018-q2-update.win32_1.4.0.202007081208/tools/bin/../lib/gcc/arm-none-eabi/7.3.1/../../../../arm-none-eabi/lib/thumb/v7-m\libc_nano.a(lib_a-memcpy-stub.o)
 .ARM.attributes
                0x000000000000051b       0x2d d:/program/stm32cubeide_1.4.0/stm32cubeide/plugins/com.st.stm32cube.ide.mcu.externaltools.gnu-tools-for-stm32.7-2018-q2-update.win32_1.4.0.202007081208/tools/bin/../lib/gcc/arm-none-eabi/7.3.1/../../../../arm-none-eabi/lib/thumb/v7-m\libc_nano.a(lib_a-memset.o)
 .ARM.attributes
                0x0000000000000548       0x17 d:/program/stm32cubeide_1.4.0/stm32cubeide/plugins/com.st.stm32cube.ide.mcu.externaltools.gnu-tools-for-stm32.7-2018-q2-update.win32_1.4.0.202007081208/tools/bin/../lib/gcc/arm-none-eabi/7.3.1/../../../../arm-none-eabi/lib/thumb/v7-m\libc_nano.a(lib_a-strlen.o)
 .ARM.attributes
                0x000000000000055f       0x2d d:/program/stm32cubeide_1.4.0/stm32cubeide/plugins/com.st.stm32cube.ide.mcu.externaltools.gnu-tools-for-stm32.7-2018-q2-update.win32_1.4.0.202007081208/tools/bin/../lib/gcc/arm-none-eabi/7.3.1/../../../../arm-none-eabi/lib/thumb/v7-m\libc_nano.a(lib_a-vsnprintf.o)
 .ARM.attributes
                0x000000000000058c       0x2d d:/program/stm32cubeide_1.4.0/stm32cubeide/plugins/com.st.stm32cube.ide.mcu.externaltools.gnu-tools-for-stm32.7-2018-q2-update.win32_1.4.0.202007081208/tools/bin/../lib/gcc/arm-none-eabi/7.3.1/../../../../arm-none-eabi/lib/thumb/v7-m\libc_nano.a(lib_a-nano-svfprintf.o)
 .ARM.attributes
                0x00000000000005b9       0x2d d:/program/stm32cubeide_1.4.0/stm32cubeide/plugins/com.st.stm32cube.ide.mcu.externaltools.gnu-tools-for-stm32.7-2018-q2-update.win32_1.4.0.202007081208/tools/bin/../lib/gcc/arm-none-eabi/7.3.1/../../../../arm-none-eabi/lib/thumb/v7-m\libc_nano.a(lib_a-nano-vfprintf_i.o)
 .ARM.attributes
                0x00000000000005e6       0x2d d:/program/stm32cubeide_1.4.0/stm32cubeide/plugins/com.st.stm32cube.ide.mcu.externaltools.gnu-tools-for-stm32.7-2018-q2-update.win32_1.4.0.202007081208/tools/bin/../lib/gcc/arm-none-eabi/7.3.1/../../../../arm-none-eabi/lib/thumb/v7-m\libc_nano.a(lib_a-memchr-stub.o)
 .ARM.attributes
                0x0000000000000613       0x2d d:/program/stm32cubeide_1.4.0/stm32cubeide/plugins/com.st.stm32cube.ide.mcu.externaltools.gnu-tools-for-stm32.7-2018-q2-update.win32_1.4.0.202007081208/tools/bin/../lib/gcc/arm-none-eabi/7.3.1/../../../../arm-none-eabi/lib/thumb/v7-m\libc_nano.a(lib_a-memmove.o)
 .ARM.attributes
                0x0000000000000640       0x2d d:/program/stm32cubeide_1.4.0/stm32cubeide/plugins/com.st.stm32cube.ide.mcu.externaltools.gnu-tools-for-stm32.7-2018-q2-update.win32_1.4.0.202007081208/tools/bin/../lib/gcc/arm-none-eabi/7.3.1/../../../../arm-none-eabi/lib/thumb/v7-m\libc_nano.a(lib_a-nano-freer.o)
 .ARM.attributes
                0x000000000000066d       0x2d d:/program/stm32cubeide_1.4.0/stm32cubeide/plugins/com.st.stm32cube.ide.mcu.externaltools.gnu-tools-for-stm32.7-2018-q2-update.win32_1.4.0.202007081208/tools/bin/../lib/gcc/arm-none-eabi/7.3.1/../../../../arm-none-eabi/lib/thumb/v7-m\libc_nano.a(lib_a-nano-mallocr.o)
 .ARM.attributes
                0x000000000000069a       0x2d d:/program/stm32cubeide_1.4.0/stm32cubeide/plugins/com.st.stm32cube.ide.mcu.externaltools.gnu-tools-for-stm32.7-2018-q2-update.win32_1.4.0.202007081208/tools/bin/../lib/gcc/arm-none-eabi/7.3.1/../../../../arm-none-eabi/lib/thumb/v7-m\libc_nano.a(lib_a-nano-reallocr.o)
 .ARM.attributes
                0x00000000000006c7       0x2d d:/program/stm32cubeide_1.4.0/stm32cubeide/plugins/com.st.stm32cube.ide.mcu.externaltools.gnu-tools-for-stm32.7-2018-q2-update.win32_1.4.0.202007081208/tools/bin/../lib/gcc/arm-none-eabi/7.3.1/../../../../arm-none-eabi/lib/thumb/v7-m\libc_nano.a(lib_a-sbrkr.o)
 .ARM.attributes
                0x00000000000006f4       0x2d d:/program/stm32cubeide_1.4.0/stm32cubeide/plugins/com.st.stm32cube.ide.mcu.externaltools.gnu-tools-for-stm32.7-2018-q2-update.win32_1.4.0.202007081208/tools/bin/../lib/gcc/arm-none-eabi/7.3.1/../../../../arm-none-eabi/lib/thumb/v7-m\libc_nano.a(lib_a-mlock.o)
 .ARM.attributes
                0x0000000000000721       0x2d d:/program/stm32cubeide_1.4.0/stm32cubeide/plugins/com.st.stm32cube.ide.mcu.externaltools.gnu-tools-for-stm32.7-2018-q2-update.win32_1.4.0.202007081208/tools/bin/../lib/gcc/arm-none-eabi/7.3.1/../../../../arm-none-eabi/lib/thumb/v7-m\libc_nano.a(lib_a-nano-msizer.o)
 .ARM.attributes
                0x000000000000074e       0x2d d:/program/stm32cubeide_1.4.0/stm32cubeide/plugins/com.st.stm32cube.ide.mcu.externaltools.gnu-tools-for-stm32.7-2018-q2-update.win32_1.4.0.202007081208/tools/bin/../lib/gcc/arm-none-eabi/7.3.1/../../../../arm-none-eabi/lib/thumb/v7-m\libc_nano.a(lib_a-reent.o)
 .ARM.attributes
                0x000000000000077b       0x1d d:/program/stm32cubeide_1.4.0/stm32cubeide/plugins/com.st.stm32cube.ide.mcu.externaltools.gnu-tools-for-stm32.7-2018-q2-update.win32_1.4.0.202007081208/tools/bin/../lib/gcc/arm-none-eabi/7.3.1/thumb/v7-m/crtn.o
OUTPUT(LORA_sample.elf elf32-littlearm)

.debug_info     0x0000000000000000    0x11359
 .debug_info    0x0000000000000000      0x8ea Core/Src/Button.o
 .debug_info    0x00000000000008ea      0x724 Core/Src/Buzzer.o
 .debug_info    0x000000000000100e      0xaca Core/Src/Callbacks.o
 .debug_info    0x0000000000001ad8     0x1761 Core/Src/SX1278.o
 .debug_info    0x0000000000003239     0x139d Core/Src/lcd.o
 .debug_info    0x00000000000045d6     0x17d3 Core/Src/main.o
 .debug_info    0x0000000000005da9     0x136d Core/Src/stm32f1xx_hal_msp.o
 .debug_info    0x0000000000007116      0x7d3 Core/Src/stm32f1xx_it.o
 .debug_info    0x00000000000078e9      0x985 Core/Src/sysmem.o
 .debug_info    0x000000000000826e      0x442 Core/Src/system_stm32f1xx.o
 .debug_info    0x00000000000086b0       0x22 Core/Startup/startup_stm32f100c8tx.o
 .debug_info    0x00000000000086d2      0x680 Drivers/STM32F1xx_HAL_Driver/Src/stm32f1xx_hal.o
 .debug_info    0x0000000000008d52      0xc61 Drivers/STM32F1xx_HAL_Driver/Src/stm32f1xx_hal_adc.o
 .debug_info    0x00000000000099b3      0xb3a Drivers/STM32F1xx_HAL_Driver/Src/stm32f1xx_hal_cortex.o
 .debug_info    0x000000000000a4ed      0x69b Drivers/STM32F1xx_HAL_Driver/Src/stm32f1xx_hal_gpio.o
 .debug_info    0x000000000000ab88      0x781 Drivers/STM32F1xx_HAL_Driver/Src/stm32f1xx_hal_rcc.o
 .debug_info    0x000000000000b309      0x3e6 Drivers/STM32F1xx_HAL_Driver/Src/stm32f1xx_hal_rcc_ex.o
 .debug_info    0x000000000000b6ef     0x152d Drivers/STM32F1xx_HAL_Driver/Src/stm32f1xx_hal_spi.o
 .debug_info    0x000000000000cc1c     0x2456 Drivers/STM32F1xx_HAL_Driver/Src/stm32f1xx_hal_tim.o
 .debug_info    0x000000000000f072     0x1104 Drivers/STM32F1xx_HAL_Driver/Src/stm32f1xx_hal_tim_ex.o
 .debug_info    0x0000000000010176     0x11e3 Drivers/STM32F1xx_HAL_Driver/Src/stm32f1xx_hal_uart.o

.debug_abbrev   0x0000000000000000     0x282a
 .debug_abbrev  0x0000000000000000      0x1c7 Core/Src/Button.o
 .debug_abbrev  0x00000000000001c7      0x185 Core/Src/Buzzer.o
 .debug_abbrev  0x000000000000034c      0x1da Core/Src/Callbacks.o
 .debug_abbrev  0x0000000000000526      0x2c1 Core/Src/SX1278.o
 .debug_abbrev  0x00000000000007e7      0x25f Core/Src/lcd.o
 .debug_abbrev  0x0000000000000a46      0x295 Core/Src/main.o
 .debug_abbrev  0x0000000000000cdb      0x1f4 Core/Src/stm32f1xx_hal_msp.o
 .debug_abbrev  0x0000000000000ecf      0x17f Core/Src/stm32f1xx_it.o
 .debug_abbrev  0x000000000000104e      0x19b Core/Src/sysmem.o
 .debug_abbrev  0x00000000000011e9      0x13a Core/Src/system_stm32f1xx.o
 .debug_abbrev  0x0000000000001323       0x12 Core/Startup/startup_stm32f100c8tx.o
 .debug_abbrev  0x0000000000001335      0x203 Drivers/STM32F1xx_HAL_Driver/Src/stm32f1xx_hal.o
 .debug_abbrev  0x0000000000001538      0x1d5 Drivers/STM32F1xx_HAL_Driver/Src/stm32f1xx_hal_adc.o
 .debug_abbrev  0x000000000000170d      0x2d5 Drivers/STM32F1xx_HAL_Driver/Src/stm32f1xx_hal_cortex.o
 .debug_abbrev  0x00000000000019e2      0x1c0 Drivers/STM32F1xx_HAL_Driver/Src/stm32f1xx_hal_gpio.o
 .debug_abbrev  0x0000000000001ba2      0x243 Drivers/STM32F1xx_HAL_Driver/Src/stm32f1xx_hal_rcc.o
 .debug_abbrev  0x0000000000001de5      0x175 Drivers/STM32F1xx_HAL_Driver/Src/stm32f1xx_hal_rcc_ex.o
 .debug_abbrev  0x0000000000001f5a      0x240 Drivers/STM32F1xx_HAL_Driver/Src/stm32f1xx_hal_spi.o
 .debug_abbrev  0x000000000000219a      0x230 Drivers/STM32F1xx_HAL_Driver/Src/stm32f1xx_hal_tim.o
 .debug_abbrev  0x00000000000023ca      0x21e Drivers/STM32F1xx_HAL_Driver/Src/stm32f1xx_hal_tim_ex.o
 .debug_abbrev  0x00000000000025e8      0x242 Drivers/STM32F1xx_HAL_Driver/Src/stm32f1xx_hal_uart.o

.debug_aranges  0x0000000000000000     0x1048
 .debug_aranges
                0x0000000000000000       0x30 Core/Src/Button.o
 .debug_aranges
                0x0000000000000030       0x20 Core/Src/Buzzer.o
 .debug_aranges
                0x0000000000000050       0x28 Core/Src/Callbacks.o
 .debug_aranges
                0x0000000000000078       0xf8 Core/Src/SX1278.o
 .debug_aranges
                0x0000000000000170       0x88 Core/Src/lcd.o
 .debug_aranges
                0x00000000000001f8       0x78 Core/Src/main.o
 .debug_aranges
                0x0000000000000270       0x68 Core/Src/stm32f1xx_hal_msp.o
 .debug_aranges
                0x00000000000002d8       0x80 Core/Src/stm32f1xx_it.o
 .debug_aranges
                0x0000000000000358       0x20 Core/Src/sysmem.o
 .debug_aranges
                0x0000000000000378       0x28 Core/Src/system_stm32f1xx.o
 .debug_aranges
                0x00000000000003a0       0x28 Core/Startup/startup_stm32f100c8tx.o
 .debug_aranges
                0x00000000000003c8       0xe0 Drivers/STM32F1xx_HAL_Driver/Src/stm32f1xx_hal.o
 .debug_aranges
                0x00000000000004a8       0xf0 Drivers/STM32F1xx_HAL_Driver/Src/stm32f1xx_hal_adc.o
 .debug_aranges
                0x0000000000000598      0x100 Drivers/STM32F1xx_HAL_Driver/Src/stm32f1xx_hal_cortex.o
 .debug_aranges
                0x0000000000000698       0x58 Drivers/STM32F1xx_HAL_Driver/Src/stm32f1xx_hal_gpio.o
 .debug_aranges
                0x00000000000006f0       0x90 Drivers/STM32F1xx_HAL_Driver/Src/stm32f1xx_hal_rcc.o
 .debug_aranges
                0x0000000000000780       0x30 Drivers/STM32F1xx_HAL_Driver/Src/stm32f1xx_hal_rcc_ex.o
 .debug_aranges
                0x00000000000007b0      0x1d0 Drivers/STM32F1xx_HAL_Driver/Src/stm32f1xx_hal_spi.o
 .debug_aranges
                0x0000000000000980      0x3a8 Drivers/STM32F1xx_HAL_Driver/Src/stm32f1xx_hal_tim.o
 .debug_aranges
                0x0000000000000d28      0x150 Drivers/STM32F1xx_HAL_Driver/Src/stm32f1xx_hal_tim_ex.o
 .debug_aranges
                0x0000000000000e78      0x1d0 Drivers/STM32F1xx_HAL_Driver/Src/stm32f1xx_hal_uart.o

.debug_ranges   0x0000000000000000      0xf00
 .debug_ranges  0x0000000000000000       0x20 Core/Src/Button.o
 .debug_ranges  0x0000000000000020       0x10 Core/Src/Buzzer.o
 .debug_ranges  0x0000000000000030       0x18 Core/Src/Callbacks.o
 .debug_ranges  0x0000000000000048       0xe8 Core/Src/SX1278.o
 .debug_ranges  0x0000000000000130       0x78 Core/Src/lcd.o
 .debug_ranges  0x00000000000001a8       0x68 Core/Src/main.o
 .debug_ranges  0x0000000000000210       0x58 Core/Src/stm32f1xx_hal_msp.o
 .debug_ranges  0x0000000000000268       0x70 Core/Src/stm32f1xx_it.o
 .debug_ranges  0x00000000000002d8       0x10 Core/Src/sysmem.o
 .debug_ranges  0x00000000000002e8       0x18 Core/Src/system_stm32f1xx.o
 .debug_ranges  0x0000000000000300       0x20 Core/Startup/startup_stm32f100c8tx.o
 .debug_ranges  0x0000000000000320       0xd0 Drivers/STM32F1xx_HAL_Driver/Src/stm32f1xx_hal.o
 .debug_ranges  0x00000000000003f0       0xe0 Drivers/STM32F1xx_HAL_Driver/Src/stm32f1xx_hal_adc.o
 .debug_ranges  0x00000000000004d0       0xf0 Drivers/STM32F1xx_HAL_Driver/Src/stm32f1xx_hal_cortex.o
 .debug_ranges  0x00000000000005c0       0x48 Drivers/STM32F1xx_HAL_Driver/Src/stm32f1xx_hal_gpio.o
 .debug_ranges  0x0000000000000608       0x80 Drivers/STM32F1xx_HAL_Driver/Src/stm32f1xx_hal_rcc.o
 .debug_ranges  0x0000000000000688       0x20 Drivers/STM32F1xx_HAL_Driver/Src/stm32f1xx_hal_rcc_ex.o
 .debug_ranges  0x00000000000006a8      0x1c0 Drivers/STM32F1xx_HAL_Driver/Src/stm32f1xx_hal_spi.o
 .debug_ranges  0x0000000000000868      0x398 Drivers/STM32F1xx_HAL_Driver/Src/stm32f1xx_hal_tim.o
 .debug_ranges  0x0000000000000c00      0x140 Drivers/STM32F1xx_HAL_Driver/Src/stm32f1xx_hal_tim_ex.o
 .debug_ranges  0x0000000000000d40      0x1c0 Drivers/STM32F1xx_HAL_Driver/Src/stm32f1xx_hal_uart.o

.debug_macro    0x0000000000000000     0xfaca
 .debug_macro   0x0000000000000000      0x216 Core/Src/Button.o
 .debug_macro   0x0000000000000216      0xa5a Core/Src/Button.o
 .debug_macro   0x0000000000000c70      0x227 Core/Src/Button.o
 .debug_macro   0x0000000000000e97       0x2e Core/Src/Button.o
 .debug_macro   0x0000000000000ec5       0x22 Core/Src/Button.o
 .debug_macro   0x0000000000000ee7       0x22 Core/Src/Button.o
 .debug_macro   0x0000000000000f09       0x8e Core/Src/Button.o
 .debug_macro   0x0000000000000f97       0x51 Core/Src/Button.o
 .debug_macro   0x0000000000000fe8       0xef Core/Src/Button.o
 .debug_macro   0x00000000000010d7       0x6a Core/Src/Button.o
 .debug_macro   0x0000000000001141      0x1df Core/Src/Button.o
 .debug_macro   0x0000000000001320       0x1c Core/Src/Button.o
 .debug_macro   0x000000000000133c       0x22 Core/Src/Button.o
 .debug_macro   0x000000000000135e       0xc3 Core/Src/Button.o
 .debug_macro   0x0000000000001421      0xd23 Core/Src/Button.o
 .debug_macro   0x0000000000002144     0x75c9 Core/Src/Button.o
 .debug_macro   0x000000000000970d       0x43 Core/Src/Button.o
 .debug_macro   0x0000000000009750      0x174 Core/Src/Button.o
 .debug_macro   0x00000000000098c4       0x5a Core/Src/Button.o
 .debug_macro   0x000000000000991e      0x5be Core/Src/Button.o
 .debug_macro   0x0000000000009edc      0x369 Core/Src/Button.o
 .debug_macro   0x000000000000a245      0x1cb Core/Src/Button.o
 .debug_macro   0x000000000000a410      0x114 Core/Src/Button.o
 .debug_macro   0x000000000000a524      0x1f1 Core/Src/Button.o
 .debug_macro   0x000000000000a715       0x27 Core/Src/Button.o
 .debug_macro   0x000000000000a73c      0x130 Core/Src/Button.o
 .debug_macro   0x000000000000a86c      0x1bc Core/Src/Button.o
 .debug_macro   0x000000000000aa28       0x34 Core/Src/Button.o
 .debug_macro   0x000000000000aa5c       0x3c Core/Src/Button.o
 .debug_macro   0x000000000000aa98       0x57 Core/Src/Button.o
 .debug_macro   0x000000000000aaef      0x46a Core/Src/Button.o
 .debug_macro   0x000000000000af59      0x15a Core/Src/Button.o
 .debug_macro   0x000000000000b0b3       0x6c Core/Src/Button.o
 .debug_macro   0x000000000000b11f      0x241 Core/Src/Button.o
 .debug_macro   0x000000000000b360      0x141 Core/Src/Button.o
 .debug_macro   0x000000000000b4a1      0x217 Core/Src/Button.o
 .debug_macro   0x000000000000b6b8      0x88b Core/Src/Button.o
 .debug_macro   0x000000000000bf43      0x287 Core/Src/Button.o
 .debug_macro   0x000000000000c1ca       0x9f Core/Src/Button.o
 .debug_macro   0x000000000000c269       0xa0 Core/Src/Button.o
 .debug_macro   0x000000000000c309       0x22 Core/Src/Button.o
 .debug_macro   0x000000000000c32b      0x38c Core/Src/Button.o
 .debug_macro   0x000000000000c6b7       0x1c Core/Src/Button.o
 .debug_macro   0x000000000000c6d3      0x124 Core/Src/Button.o
 .debug_macro   0x000000000000c7f7      0x21c Core/Src/Buzzer.o
 .debug_macro   0x000000000000ca13       0x16 Core/Src/Buzzer.o
 .debug_macro   0x000000000000ca29      0x216 Core/Src/Callbacks.o
 .debug_macro   0x000000000000cc3f      0x2d7 Core/Src/SX1278.o
 .debug_macro   0x000000000000cf16       0x46 Core/Src/SX1278.o
 .debug_macro   0x000000000000cf5c       0x18 Core/Src/SX1278.o
 .debug_macro   0x000000000000cf74       0x3c Core/Src/SX1278.o
 .debug_macro   0x000000000000cfb0       0x34 Core/Src/SX1278.o
 .debug_macro   0x000000000000cfe4       0x52 Core/Src/SX1278.o
 .debug_macro   0x000000000000d036       0x1f Core/Src/SX1278.o
 .debug_macro   0x000000000000d055       0x43 Core/Src/SX1278.o
 .debug_macro   0x000000000000d098       0x20 Core/Src/SX1278.o
 .debug_macro   0x000000000000d0b8      0x1a3 Core/Src/SX1278.o
 .debug_macro   0x000000000000d25b      0x32a Core/Src/SX1278.o
 .debug_macro   0x000000000000d585       0x10 Core/Src/SX1278.o
 .debug_macro   0x000000000000d595       0x35 Core/Src/SX1278.o
 .debug_macro   0x000000000000d5ca       0x20 Core/Src/SX1278.o
 .debug_macro   0x000000000000d5ea      0x3a5 Core/Src/lcd.o
 .debug_macro   0x000000000000d98f       0x16 Core/Src/lcd.o
 .debug_macro   0x000000000000d9a5       0x10 Core/Src/lcd.o
 .debug_macro   0x000000000000d9b5       0x10 Core/Src/lcd.o
 .debug_macro   0x000000000000d9c5       0x1c Core/Src/lcd.o
 .debug_macro   0x000000000000d9e1       0x52 Core/Src/lcd.o
 .debug_macro   0x000000000000da33       0x40 Core/Src/lcd.o
 .debug_macro   0x000000000000da73       0x10 Core/Src/lcd.o
 .debug_macro   0x000000000000da83       0x40 Core/Src/lcd.o
 .debug_macro   0x000000000000dac3       0xd7 Core/Src/lcd.o
 .debug_macro   0x000000000000db9a       0x1c Core/Src/lcd.o
 .debug_macro   0x000000000000dbb6       0x3d Core/Src/lcd.o
 .debug_macro   0x000000000000dbf3       0x16 Core/Src/lcd.o
 .debug_macro   0x000000000000dc09      0x145 Core/Src/lcd.o
 .debug_macro   0x000000000000dd4e       0x16 Core/Src/lcd.o
 .debug_macro   0x000000000000dd64       0x4c Core/Src/lcd.o
 .debug_macro   0x000000000000ddb0      0x218 Core/Src/main.o
 .debug_macro   0x000000000000dfc8      0x212 Core/Src/stm32f1xx_hal_msp.o
 .debug_macro   0x000000000000e1da      0x21c Core/Src/stm32f1xx_it.o
 .debug_macro   0x000000000000e3f6       0xee Core/Src/sysmem.o
 .debug_macro   0x000000000000e4e4      0x23b Core/Src/sysmem.o
 .debug_macro   0x000000000000e71f      0x1bd Core/Src/system_stm32f1xx.o
 .debug_macro   0x000000000000e8dc      0x1db Drivers/STM32F1xx_HAL_Driver/Src/stm32f1xx_hal.o
 .debug_macro   0x000000000000eab7      0x1d4 Drivers/STM32F1xx_HAL_Driver/Src/stm32f1xx_hal_adc.o
 .debug_macro   0x000000000000ec8b      0x1b7 Drivers/STM32F1xx_HAL_Driver/Src/stm32f1xx_hal_cortex.o
 .debug_macro   0x000000000000ee42      0x222 Drivers/STM32F1xx_HAL_Driver/Src/stm32f1xx_hal_gpio.o
 .debug_macro   0x000000000000f064      0x1c9 Drivers/STM32F1xx_HAL_Driver/Src/stm32f1xx_hal_rcc.o
 .debug_macro   0x000000000000f22d      0x1b7 Drivers/STM32F1xx_HAL_Driver/Src/stm32f1xx_hal_rcc_ex.o
 .debug_macro   0x000000000000f3e4      0x1bf Drivers/STM32F1xx_HAL_Driver/Src/stm32f1xx_hal_spi.o
 .debug_macro   0x000000000000f5a3      0x1b8 Drivers/STM32F1xx_HAL_Driver/Src/stm32f1xx_hal_tim.o
 .debug_macro   0x000000000000f75b      0x1b7 Drivers/STM32F1xx_HAL_Driver/Src/stm32f1xx_hal_tim_ex.o
 .debug_macro   0x000000000000f912      0x1b8 Drivers/STM32F1xx_HAL_Driver/Src/stm32f1xx_hal_uart.o

.debug_line     0x0000000000000000     0xc9ac
 .debug_line    0x0000000000000000      0x707 Core/Src/Button.o
 .debug_line    0x0000000000000707      0x6d7 Core/Src/Buzzer.o
 .debug_line    0x0000000000000dde      0x706 Core/Src/Callbacks.o
 .debug_line    0x00000000000014e4      0xace Core/Src/SX1278.o
 .debug_line    0x0000000000001fb2      0xa18 Core/Src/lcd.o
 .debug_line    0x00000000000029ca      0x88b Core/Src/main.o
 .debug_line    0x0000000000003255      0x7dd Core/Src/stm32f1xx_hal_msp.o
 .debug_line    0x0000000000003a32      0x7c9 Core/Src/stm32f1xx_it.o
 .debug_line    0x00000000000041fb      0x4e0 Core/Src/sysmem.o
 .debug_line    0x00000000000046db      0x6bd Core/Src/system_stm32f1xx.o
 .debug_line    0x0000000000004d98       0x84 Core/Startup/startup_stm32f100c8tx.o
 .debug_line    0x0000000000004e1c      0x86a Drivers/STM32F1xx_HAL_Driver/Src/stm32f1xx_hal.o
 .debug_line    0x0000000000005686      0xb3a Drivers/STM32F1xx_HAL_Driver/Src/stm32f1xx_hal_adc.o
 .debug_line    0x00000000000061c0      0x944 Drivers/STM32F1xx_HAL_Driver/Src/stm32f1xx_hal_cortex.o
 .debug_line    0x0000000000006b04      0x86b Drivers/STM32F1xx_HAL_Driver/Src/stm32f1xx_hal_gpio.o
 .debug_line    0x000000000000736f      0x926 Drivers/STM32F1xx_HAL_Driver/Src/stm32f1xx_hal_rcc.o
 .debug_line    0x0000000000007c95      0x727 Drivers/STM32F1xx_HAL_Driver/Src/stm32f1xx_hal_rcc_ex.o
 .debug_line    0x00000000000083bc     0x1038 Drivers/STM32F1xx_HAL_Driver/Src/stm32f1xx_hal_spi.o
 .debug_line    0x00000000000093f4     0x19aa Drivers/STM32F1xx_HAL_Driver/Src/stm32f1xx_hal_tim.o
 .debug_line    0x000000000000ad9e      0xc7e Drivers/STM32F1xx_HAL_Driver/Src/stm32f1xx_hal_tim_ex.o
 .debug_line    0x000000000000ba1c      0xf90 Drivers/STM32F1xx_HAL_Driver/Src/stm32f1xx_hal_uart.o

.debug_str      0x0000000000000000    0x58f57
 .debug_str     0x0000000000000000    0x50c96 Core/Src/Button.o
                                      0x51047 (size before relaxing)
 .debug_str     0x0000000000050c96       0x1c Core/Src/Buzzer.o
                                      0x50d20 (size before relaxing)
 .debug_str     0x0000000000050cb2       0xdc Core/Src/Callbacks.o
                                      0x510f3 (size before relaxing)
 .debug_str     0x0000000000050d8e     0x329f Core/Src/SX1278.o
                                      0x54023 (size before relaxing)
 .debug_str     0x000000000005402d     0x13b4 Core/Src/lcd.o
                                      0x550b2 (size before relaxing)
 .debug_str     0x00000000000553e1      0x7cb Core/Src/main.o
                                      0x519fe (size before relaxing)
 .debug_str     0x0000000000055bac      0x112 Core/Src/stm32f1xx_hal_msp.o
                                      0x515ba (size before relaxing)
 .debug_str     0x0000000000055cbe       0xf2 Core/Src/stm32f1xx_it.o
                                      0x50e0a (size before relaxing)
 .debug_str     0x0000000000055db0      0x4e9 Core/Src/sysmem.o
                                       0x5f23 (size before relaxing)
 .debug_str     0x0000000000056299       0xd0 Core/Src/system_stm32f1xx.o
                                      0x4f865 (size before relaxing)
 .debug_str     0x0000000000056369       0x36 Core/Startup/startup_stm32f100c8tx.o
                                         0x53 (size before relaxing)
 .debug_str     0x000000000005639f      0x3a1 Drivers/STM32F1xx_HAL_Driver/Src/stm32f1xx_hal.o
                                      0x4fe2c (size before relaxing)
 .debug_str     0x0000000000056740      0x357 Drivers/STM32F1xx_HAL_Driver/Src/stm32f1xx_hal_adc.o
                                      0x4fe6d (size before relaxing)
 .debug_str     0x0000000000056a97      0x25f Drivers/STM32F1xx_HAL_Driver/Src/stm32f1xx_hal_cortex.o
                                      0x4fe53 (size before relaxing)
 .debug_str     0x0000000000056cf6      0x302 Drivers/STM32F1xx_HAL_Driver/Src/stm32f1xx_hal_gpio.o
                                      0x4fba7 (size before relaxing)
 .debug_str     0x0000000000056ff8      0x263 Drivers/STM32F1xx_HAL_Driver/Src/stm32f1xx_hal_rcc.o
                                      0x4fbc1 (size before relaxing)
 .debug_str     0x000000000005725b       0xa7 Drivers/STM32F1xx_HAL_Driver/Src/stm32f1xx_hal_rcc_ex.o
                                      0x4f929 (size before relaxing)
 .debug_str     0x0000000000057302      0x529 Drivers/STM32F1xx_HAL_Driver/Src/stm32f1xx_hal_spi.o
                                      0x500c0 (size before relaxing)
 .debug_str     0x000000000005782b      0xcf6 Drivers/STM32F1xx_HAL_Driver/Src/stm32f1xx_hal_tim.o
                                      0x509a5 (size before relaxing)
 .debug_str     0x0000000000058521      0x52f Drivers/STM32F1xx_HAL_Driver/Src/stm32f1xx_hal_tim_ex.o
                                      0x501a5 (size before relaxing)
 .debug_str     0x0000000000058a50      0x507 Drivers/STM32F1xx_HAL_Driver/Src/stm32f1xx_hal_uart.o
                                      0x500c9 (size before relaxing)

.comment        0x0000000000000000       0x7b
 .comment       0x0000000000000000       0x7b Core/Src/Button.o
                                         0x7c (size before relaxing)
 .comment       0x000000000000007b       0x7c Core/Src/Buzzer.o
 .comment       0x000000000000007b       0x7c Core/Src/Callbacks.o
 .comment       0x000000000000007b       0x7c Core/Src/SX1278.o
 .comment       0x000000000000007b       0x7c Core/Src/lcd.o
 .comment       0x000000000000007b       0x7c Core/Src/main.o
 .comment       0x000000000000007b       0x7c Core/Src/stm32f1xx_hal_msp.o
 .comment       0x000000000000007b       0x7c Core/Src/stm32f1xx_it.o
 .comment       0x000000000000007b       0x7c Core/Src/sysmem.o
 .comment       0x000000000000007b       0x7c Core/Src/system_stm32f1xx.o
 .comment       0x000000000000007b       0x7c Drivers/STM32F1xx_HAL_Driver/Src/stm32f1xx_hal.o
 .comment       0x000000000000007b       0x7c Drivers/STM32F1xx_HAL_Driver/Src/stm32f1xx_hal_adc.o
 .comment       0x000000000000007b       0x7c Drivers/STM32F1xx_HAL_Driver/Src/stm32f1xx_hal_cortex.o
 .comment       0x000000000000007b       0x7c Drivers/STM32F1xx_HAL_Driver/Src/stm32f1xx_hal_gpio.o
 .comment       0x000000000000007b       0x7c Drivers/STM32F1xx_HAL_Driver/Src/stm32f1xx_hal_rcc.o
 .comment       0x000000000000007b       0x7c Drivers/STM32F1xx_HAL_Driver/Src/stm32f1xx_hal_rcc_ex.o
 .comment       0x000000000000007b       0x7c Drivers/STM32F1xx_HAL_Driver/Src/stm32f1xx_hal_spi.o
 .comment       0x000000000000007b       0x7c Drivers/STM32F1xx_HAL_Driver/Src/stm32f1xx_hal_tim.o
 .comment       0x000000000000007b       0x7c Drivers/STM32F1xx_HAL_Driver/Src/stm32f1xx_hal_tim_ex.o
 .comment       0x000000000000007b       0x7c Drivers/STM32F1xx_HAL_Driver/Src/stm32f1xx_hal_uart.o

.debug_frame    0x0000000000000000     0x4658
 .debug_frame   0x0000000000000000       0x7c Core/Src/Button.o
 .debug_frame   0x000000000000007c       0x38 Core/Src/Buzzer.o
 .debug_frame   0x00000000000000b4       0x5c Core/Src/Callbacks.o
 .debug_frame   0x0000000000000110      0x404 Core/Src/SX1278.o
 .debug_frame   0x0000000000000514      0x228 Core/Src/lcd.o
 .debug_frame   0x000000000000073c      0x1a4 Core/Src/main.o
 .debug_frame   0x00000000000008e0      0x17c Core/Src/stm32f1xx_hal_msp.o
 .debug_frame   0x0000000000000a5c      0x17c Core/Src/stm32f1xx_it.o
 .debug_frame   0x0000000000000bd8       0x34 Core/Src/sysmem.o
 .debug_frame   0x0000000000000c0c       0x58 Core/Src/system_stm32f1xx.o
 .debug_frame   0x0000000000000c64      0x334 Drivers/STM32F1xx_HAL_Driver/Src/stm32f1xx_hal.o
 .debug_frame   0x0000000000000f98      0x40c Drivers/STM32F1xx_HAL_Driver/Src/stm32f1xx_hal_adc.o
 .debug_frame   0x00000000000013a4      0x428 Drivers/STM32F1xx_HAL_Driver/Src/stm32f1xx_hal_cortex.o
 .debug_frame   0x00000000000017cc      0x14c Drivers/STM32F1xx_HAL_Driver/Src/stm32f1xx_hal_gpio.o
 .debug_frame   0x0000000000001918      0x21c Drivers/STM32F1xx_HAL_Driver/Src/stm32f1xx_hal_rcc.o
 .debug_frame   0x0000000000001b34       0x80 Drivers/STM32F1xx_HAL_Driver/Src/stm32f1xx_hal_rcc_ex.o
 .debug_frame   0x0000000000001bb4      0x824 Drivers/STM32F1xx_HAL_Driver/Src/stm32f1xx_hal_spi.o
 .debug_frame   0x00000000000023d8     0x10f0 Drivers/STM32F1xx_HAL_Driver/Src/stm32f1xx_hal_tim.o
 .debug_frame   0x00000000000034c8      0x5c0 Drivers/STM32F1xx_HAL_Driver/Src/stm32f1xx_hal_tim_ex.o
 .debug_frame   0x0000000000003a88      0x838 Drivers/STM32F1xx_HAL_Driver/Src/stm32f1xx_hal_uart.o
 .debug_frame   0x00000000000042c0       0x20 d:/program/stm32cubeide_1.4.0/stm32cubeide/plugins/com.st.stm32cube.ide.mcu.externaltools.gnu-tools-for-stm32.7-2018-q2-update.win32_1.4.0.202007081208/tools/bin/../lib/gcc/arm-none-eabi/7.3.1/../../../../arm-none-eabi/lib/thumb/v7-m\libc_nano.a(lib_a-errno.o)
 .debug_frame   0x00000000000042e0       0x2c d:/program/stm32cubeide_1.4.0/stm32cubeide/plugins/com.st.stm32cube.ide.mcu.externaltools.gnu-tools-for-stm32.7-2018-q2-update.win32_1.4.0.202007081208/tools/bin/../lib/gcc/arm-none-eabi/7.3.1/../../../../arm-none-eabi/lib/thumb/v7-m\libc_nano.a(lib_a-init.o)
 .debug_frame   0x000000000000430c       0x28 d:/program/stm32cubeide_1.4.0/stm32cubeide/plugins/com.st.stm32cube.ide.mcu.externaltools.gnu-tools-for-stm32.7-2018-q2-update.win32_1.4.0.202007081208/tools/bin/../lib/gcc/arm-none-eabi/7.3.1/../../../../arm-none-eabi/lib/thumb/v7-m\libc_nano.a(lib_a-memcpy-stub.o)
 .debug_frame   0x0000000000004334       0x20 d:/program/stm32cubeide_1.4.0/stm32cubeide/plugins/com.st.stm32cube.ide.mcu.externaltools.gnu-tools-for-stm32.7-2018-q2-update.win32_1.4.0.202007081208/tools/bin/../lib/gcc/arm-none-eabi/7.3.1/../../../../arm-none-eabi/lib/thumb/v7-m\libc_nano.a(lib_a-memset.o)
 .debug_frame   0x0000000000004354       0x4c d:/program/stm32cubeide_1.4.0/stm32cubeide/plugins/com.st.stm32cube.ide.mcu.externaltools.gnu-tools-for-stm32.7-2018-q2-update.win32_1.4.0.202007081208/tools/bin/../lib/gcc/arm-none-eabi/7.3.1/../../../../arm-none-eabi/lib/thumb/v7-m\libc_nano.a(lib_a-vsnprintf.o)
 .debug_frame   0x00000000000043a0       0x90 d:/program/stm32cubeide_1.4.0/stm32cubeide/plugins/com.st.stm32cube.ide.mcu.externaltools.gnu-tools-for-stm32.7-2018-q2-update.win32_1.4.0.202007081208/tools/bin/../lib/gcc/arm-none-eabi/7.3.1/../../../../arm-none-eabi/lib/thumb/v7-m\libc_nano.a(lib_a-nano-svfprintf.o)
 .debug_frame   0x0000000000004430       0x60 d:/program/stm32cubeide_1.4.0/stm32cubeide/plugins/com.st.stm32cube.ide.mcu.externaltools.gnu-tools-for-stm32.7-2018-q2-update.win32_1.4.0.202007081208/tools/bin/../lib/gcc/arm-none-eabi/7.3.1/../../../../arm-none-eabi/lib/thumb/v7-m\libc_nano.a(lib_a-nano-vfprintf_i.o)
 .debug_frame   0x0000000000004490       0x28 d:/program/stm32cubeide_1.4.0/stm32cubeide/plugins/com.st.stm32cube.ide.mcu.externaltools.gnu-tools-for-stm32.7-2018-q2-update.win32_1.4.0.202007081208/tools/bin/../lib/gcc/arm-none-eabi/7.3.1/../../../../arm-none-eabi/lib/thumb/v7-m\libc_nano.a(lib_a-memchr-stub.o)
 .debug_frame   0x00000000000044b8       0x28 d:/program/stm32cubeide_1.4.0/stm32cubeide/plugins/com.st.stm32cube.ide.mcu.externaltools.gnu-tools-for-stm32.7-2018-q2-update.win32_1.4.0.202007081208/tools/bin/../lib/gcc/arm-none-eabi/7.3.1/../../../../arm-none-eabi/lib/thumb/v7-m\libc_nano.a(lib_a-memmove.o)
 .debug_frame   0x00000000000044e0       0x38 d:/program/stm32cubeide_1.4.0/stm32cubeide/plugins/com.st.stm32cube.ide.mcu.externaltools.gnu-tools-for-stm32.7-2018-q2-update.win32_1.4.0.202007081208/tools/bin/../lib/gcc/arm-none-eabi/7.3.1/../../../../arm-none-eabi/lib/thumb/v7-m\libc_nano.a(lib_a-nano-freer.o)
 .debug_frame   0x0000000000004518       0x2c d:/program/stm32cubeide_1.4.0/stm32cubeide/plugins/com.st.stm32cube.ide.mcu.externaltools.gnu-tools-for-stm32.7-2018-q2-update.win32_1.4.0.202007081208/tools/bin/../lib/gcc/arm-none-eabi/7.3.1/../../../../arm-none-eabi/lib/thumb/v7-m\libc_nano.a(lib_a-nano-mallocr.o)
 .debug_frame   0x0000000000004544       0x3c d:/program/stm32cubeide_1.4.0/stm32cubeide/plugins/com.st.stm32cube.ide.mcu.externaltools.gnu-tools-for-stm32.7-2018-q2-update.win32_1.4.0.202007081208/tools/bin/../lib/gcc/arm-none-eabi/7.3.1/../../../../arm-none-eabi/lib/thumb/v7-m\libc_nano.a(lib_a-nano-reallocr.o)
 .debug_frame   0x0000000000004580       0x2c d:/program/stm32cubeide_1.4.0/stm32cubeide/plugins/com.st.stm32cube.ide.mcu.externaltools.gnu-tools-for-stm32.7-2018-q2-update.win32_1.4.0.202007081208/tools/bin/../lib/gcc/arm-none-eabi/7.3.1/../../../../arm-none-eabi/lib/thumb/v7-m\libc_nano.a(lib_a-sbrkr.o)
 .debug_frame   0x00000000000045ac       0x30 d:/program/stm32cubeide_1.4.0/stm32cubeide/plugins/com.st.stm32cube.ide.mcu.externaltools.gnu-tools-for-stm32.7-2018-q2-update.win32_1.4.0.202007081208/tools/bin/../lib/gcc/arm-none-eabi/7.3.1/../../../../arm-none-eabi/lib/thumb/v7-m\libc_nano.a(lib_a-mlock.o)
 .debug_frame   0x00000000000045dc       0x20 d:/program/stm32cubeide_1.4.0/stm32cubeide/plugins/com.st.stm32cube.ide.mcu.externaltools.gnu-tools-for-stm32.7-2018-q2-update.win32_1.4.0.202007081208/tools/bin/../lib/gcc/arm-none-eabi/7.3.1/../../../../arm-none-eabi/lib/thumb/v7-m\libc_nano.a(lib_a-nano-msizer.o)
 .debug_frame   0x00000000000045fc       0x5c d:/program/stm32cubeide_1.4.0/stm32cubeide/plugins/com.st.stm32cube.ide.mcu.externaltools.gnu-tools-for-stm32.7-2018-q2-update.win32_1.4.0.202007081208/tools/bin/../lib/gcc/arm-none-eabi/7.3.1/../../../../arm-none-eabi/lib/thumb/v7-m\libc_nano.a(lib_a-reent.o)
